10:19:05.311 [main                     ] DEBUG Logger               - Configured Logger
10:19:05.318 [main                     ] DEBUG GameApplication      - Logging settings
Title: BvB
Version: 0.0
Width: 800
Height: 600
Fullscreen: true
Intro: false
Profiling: false
Single step:false
App Mode: DEVELOPER
Menu Key: ESCAPE
Stage Style: DECORATED
Scene Factory: class com.almasb.fxgl.app.scene.SceneFactory

10:19:05.679 [JavaFX Application Thread] DEBUG FXGLApplication      - Initializing FXGL
10:19:05.682 [JavaFX Application Thread] INFO  Engine               - FXGL-17.3 (30.03.2023 11.49) on WINDOWS (J:25 FX:21.0.6)
10:19:05.682 [JavaFX Application Thread] DEBUG Engine               - JRE Vendor Name: Oracle Corporation
10:19:05.683 [JavaFX Application Thread] DEBUG Engine               - Running on OS: Windows 11 version 10.0
10:19:05.683 [JavaFX Application Thread] DEBUG Engine               - Architecture: amd64
10:19:05.683 [JavaFX Application Thread] INFO  Engine               - Source code and latest versions at: https://github.com/AlmasB/FXGL
10:19:05.683 [JavaFX Application Thread] INFO  Engine               -       Ask questions and discuss at: https://github.com/AlmasB/FXGL/discussions
10:19:05.683 [JavaFX Application Thread] INFO  Engine               -              Join the FXGL chat at: https://gitter.im/AlmasB/FXGL
10:19:05.779 [JavaFX Application Thread] DEBUG PrimaryStageWindow   - Creating a JavaFX scene
10:19:05.824 [JavaFX Application Thread] DEBUG PrimaryStageWindow   - Target settings size: 800.0 x 600.0
10:19:05.824 [JavaFX Application Thread] DEBUG PrimaryStageWindow   - Scaled scene size:    800.0 x 600.0
10:19:05.824 [JavaFX Application Thread] DEBUG PrimaryStageWindow   - Scaled ratio: (1.0, 1.0)
10:19:05.824 [JavaFX Application Thread] DEBUG PrimaryStageWindow   - Set initial scene to FXGLStartupScene
10:19:05.828 [JavaFX Application Thread] DEBUG PrimaryStageWindow   - Opening main window
10:19:05.896 [JavaFX Application Thread] DEBUG PrimaryStageWindow   - Window border size: (14.4000244140625, 37.5999755859375)
10:19:05.897 [JavaFX Application Thread] DEBUG PrimaryStageWindow   - Scaled size: 800.0 x 600.0
10:19:05.897 [JavaFX Application Thread] DEBUG PrimaryStageWindow   - Scaled ratio: (1.0, 1.0)
10:19:05.897 [JavaFX Application Thread] DEBUG PrimaryStageWindow   - Scene size: 800.0 x 600.0
10:19:05.897 [JavaFX Application Thread] DEBUG PrimaryStageWindow   - Stage size: 814.4000244140625 x 637.5999755859375
10:19:05.941 [JavaFX Application Thread] DEBUG PrimaryStageWindow   - Going fullscreen
10:19:05.951 [FXGL Background Thread 1 ] DEBUG Engine               - Initializing environment variables
10:19:05.990 [FXGL Background Thread 1 ] DEBUG FXGLAssetLoaderServi - User app class for loading assets: class at.htl.blaetter_vs_beiser.Start
10:19:05.991 [FXGL Background Thread 1 ] DEBUG GameApplicationServi - Applying CSS: fxgl_dark.css
10:19:05.991 [FXGL Background Thread 1 ] DEBUG FXGLAssetLoaderServi - Loading from file system: jar:file:/C:/Users/grube/.m2/repository/com/github/almasb/fxgl/17.3/fxgl-17.3.jar!/fxglassets/ui/css/fxgl_dark.css
10:19:06.020 [FXGL Background Thread 1 ] DEBUG GameApplicationServi - Initializing application scenes
10:19:06.049 [FXGL Background Thread 1 ] DEBUG GameWorld            - Game world initialized
10:19:06.083 [FXGL Background Thread 1 ] DEBUG PhysicsWorld         - Physics world initialized: appHeight=600, physics.ppm=50,0
10:19:06.083 [FXGL Background Thread 1 ] DEBUG PhysicsWorld         - Using strategy: BRUTE_FORCE
10:19:06.086 [FXGL Background Thread 1 ] DEBUG GameScene            - Game scene initialized: 800x600
10:19:06.094 [FXGL Background Thread 1 ] DEBUG FXGL.DefaultMenu     - createMenuBodyGameMenu()
10:19:06.106 [FXGL Background Thread 1 ] DEBUG FXGL.DefaultMenu     - createOptionsMenu()
10:19:06.114 [FXGL Background Thread 1 ] DEBUG FXGLAssetLoaderServi - Loading from file system: jar:file:/C:/Users/grube/.m2/repository/com/github/almasb/fxgl/17.3/fxgl-17.3.jar!/fxglassets/textures/particles/smoke.png
10:19:06.170 [FXGL Background Thread 1 ] DEBUG FXGLAssetLoaderServi - Loading from file system: jar:file:/C:/Users/grube/.m2/repository/com/github/almasb/fxgl/17.3/fxgl-17.3.jar!/fxglassets/textures/particles/trace_horizontal.png
10:19:06.192 [FXGL Background Thread 1 ] DEBUG GameApplicationServi - Application scenes initialized
10:19:06.204 [FXGL Background Thread 1 ] DEBUG SystemBundleService  - Loading FXGL system data
10:19:06.207 [FXGL Background Thread 1 ] DEBUG FileSystemAccess     - Reading from: C:\Users\grube\OneDrive - HTL Saalfelden\Desktop\Pos\Pos3\blaetter_vs_beiser\Blaetter_vs_Beiser\system\fxgl.bundle
10:19:06.216 [FXGL Background Thread 1 ] DEBUG SystemBundleService  - Bundle FXGL: {}
10:19:06.216 [FXGL Background Thread 1 ] DEBUG UpdaterService       - Checking for updates
10:19:06.219 [FXGL Background Thread 4 ] DEBUG FXGLApplication      - Loading fonts
10:19:06.220 [FXGL Background Thread 4 ] DEBUG FXGLAssetLoaderServi - Loading from file system: jar:file:/C:/Users/grube/.m2/repository/com/github/almasb/fxgl/17.3/fxgl-17.3.jar!/fxglassets/ui/fonts/VarelaRound-Regular.ttf
10:19:06.220 [FXGL Background Thread 1 ] DEBUG FXGLApplication      - Loading default localization
10:19:06.221 [FXGL Background Thread 1 ] DEBUG FXGLAssetLoaderServi - Loading from file system: jar:file:/C:/Users/grube/.m2/repository/com/github/almasb/fxgl/17.3/fxgl-17.3.jar!/fxglassets/languages/english.lang
10:19:06.234 [FXGL Background Thread 1 ] INFO  FXGLApplication      - FXGL initialization took: 0,283 sec
10:19:06.236 [JavaFX Application Thread] DEBUG FXGLAssetLoaderServi - Loading from file system: jar:file:/C:/Users/grube/.m2/repository/com/github/almasb/fxgl/17.3/fxgl-17.3.jar!/fxglassets/textures/fxgl_icon.png
10:19:06.253 [JavaFX Application Thread] DEBUG FXGLAssetLoaderServi - Loading from file system: jar:file:/C:/Users/grube/.m2/repository/com/github/almasb/fxgl/17.3/fxgl-17.3.jar!/fxglassets/textures/fxgl_default_cursor.png
10:19:06.254 [FXGL Background Thread 4 ] DEBUG FXGLAssetLoaderServi - Loading from file system: jar:file:/C:/Users/grube/.m2/repository/com/github/almasb/fxgl/17.3/fxgl-17.3.jar!/fxglassets/ui/fonts/Abel-Regular.ttf
10:19:06.262 [JavaFX Application Thread] DEBUG Input                - Registered new binding: Screenshot - CTRL+8
10:19:06.262 [JavaFX Application Thread] DEBUG Input                - Registered new binding: System info dump - CTRL+9
10:19:06.263 [JavaFX Application Thread] DEBUG Input                - Registered new binding: Restart - CTRL+R
10:19:06.263 [JavaFX Application Thread] DEBUG Input                - Registered new binding: Toggle Debug Camera - CTRL+7
10:19:06.265 [JavaFX Application Thread] DEBUG LoopRunner           - Starting loop
10:19:06.265 [FXGL Background Thread 4 ] DEBUG FXGLAssetLoaderServi - Loading from file system: jar:file:/C:/Users/grube/.m2/repository/com/github/almasb/fxgl/17.3/fxgl-17.3.jar!/fxglassets/ui/fonts/TerminalLandMono-Regular.otf
10:19:06.265 [JavaFX Application Thread] DEBUG LoopRunner           - Initializing JavaFX AnimationTimerLoop
10:19:06.266 [JavaFX Application Thread] DEBUG GameApplicationServi - Starting new game
10:19:06.267 [JavaFX Application Thread] DEBUG Input                - Clearing active input actions
10:19:06.275 [JavaFX Application Thread] DEBUG GameApplicationServi - Removing overlay from FXGLStartupScene and adding to FXGLLoadingScene
10:19:06.276 [JavaFX Application Thread] DEBUG PrimaryStageWindow   - FXGLStartupScene -> FXGLLoadingScene
10:19:06.276 [JavaFX Application Thread] DEBUG GameApplicationServi - Clearing previous game
10:19:06.276 [JavaFX Application Thread] DEBUG GameScene            - Clearing game scene
10:19:06.276 [JavaFX Application Thread] DEBUG GameWorld            - Clearing game world
10:19:06.276 [JavaFX Application Thread] DEBUG PhysicsWorld         - Clearing physics world
10:19:06.276 [FXGL Background Thread 4 ] DEBUG FXGLAssetLoaderServi - Loading from file system: jar:file:/C:/Users/grube/.m2/repository/com/github/almasb/fxgl/17.3/fxgl-17.3.jar!/fxglassets/ui/fonts/Courier-Prime.ttf
10:19:06.278 [FXGL Background Thread 1 ] DEBUG FXGLApplication      - Initializing game
10:19:06.280 [FXGL Background Thread 1 ] DEBUG FXGLAssetLoaderServi - Loading from file system: file:/C:/Users/grube/OneDrive%20-%20HTL%20Saalfelden/Desktop/Pos/Pos3/blaetter_vs_beiser/Blaetter_vs_Beiser/blaetter_vs_beiser/target/classes/assets/textures/Background.png
10:19:06.314 [JavaFX Application Thread] DEBUG FXGLApplication      - Registering font factories with UI factory
10:19:06.402 [FXGL Background Thread 1 ] DEBUG FXGLAssetLoaderServi - Loading JSON from: file:/C:/Users/grube/OneDrive%20-%20HTL%20Saalfelden/Desktop/Pos/Pos3/blaetter_vs_beiser/Blaetter_vs_Beiser/blaetter_vs_beiser/target/classes/assets/Level/level0.json
10:19:06.613 [FXGL Background Thread 1 ] DEBUG FXGLAssetLoaderServi - Loading from file system: file:/C:/Users/grube/OneDrive%20-%20HTL%20Saalfelden/Desktop/Pos/Pos3/blaetter_vs_beiser/Blaetter_vs_Beiser/blaetter_vs_beiser/target/classes/assets/textures/Mousecursor.png
10:19:06.617 [FXGL Background Thread 1 ] DEBUG FXGLAssetLoaderServi - Loading from file system: file:/C:/Users/grube/OneDrive%20-%20HTL%20Saalfelden/Desktop/Pos/Pos3/blaetter_vs_beiser/Blaetter_vs_Beiser/blaetter_vs_beiser/target/classes/assets/textures/Sun.png
10:19:06.627 [FXGL Background Thread 1 ] DEBUG FXGLAssetLoaderServi - Loading from file system: file:/C:/Users/grube/OneDrive%20-%20HTL%20Saalfelden/Desktop/Pos/Pos3/blaetter_vs_beiser/Blaetter_vs_Beiser/blaetter_vs_beiser/target/classes/assets/textures/Plants/Peashooter.png
10:19:06.636 [FXGL Background Thread 1 ] DEBUG FXGLAssetLoaderServi - Loading from file system: file:/C:/Users/grube/OneDrive%20-%20HTL%20Saalfelden/Desktop/Pos/Pos3/blaetter_vs_beiser/Blaetter_vs_Beiser/blaetter_vs_beiser/target/classes/assets/textures/Plants/Sunflower.png
10:19:06.646 [FXGL Background Thread 1 ] DEBUG FXGLAssetLoaderServi - Loading from file system: file:/C:/Users/grube/OneDrive%20-%20HTL%20Saalfelden/Desktop/Pos/Pos3/blaetter_vs_beiser/Blaetter_vs_Beiser/blaetter_vs_beiser/target/classes/assets/textures/Plants/Wallnut.png
10:19:06.654 [FXGL Background Thread 1 ] DEBUG FXGLAssetLoaderServi - Loading from file system: file:/C:/Users/grube/OneDrive%20-%20HTL%20Saalfelden/Desktop/Pos/Pos3/blaetter_vs_beiser/Blaetter_vs_Beiser/blaetter_vs_beiser/target/classes/assets/textures/Plants/Potatomine.png
10:19:06.663 [FXGL Background Thread 1 ] DEBUG FXGLAssetLoaderServi - Loading from file system: file:/C:/Users/grube/OneDrive%20-%20HTL%20Saalfelden/Desktop/Pos/Pos3/blaetter_vs_beiser/Blaetter_vs_Beiser/blaetter_vs_beiser/target/classes/assets/textures/Plants/Cherrybomb.png
10:19:06.672 [FXGL Background Thread 1 ] DEBUG FXGLAssetLoaderServi - Loading from file system: file:/C:/Users/grube/OneDrive%20-%20HTL%20Saalfelden/Desktop/Pos/Pos3/blaetter_vs_beiser/Blaetter_vs_Beiser/blaetter_vs_beiser/target/classes/assets/textures/Plants/Snowpeashooter.png
10:19:06.696 [FXGL Background Thread 1 ] DEBUG FXGLAssetLoaderServi - Loading from file system: file:/C:/Users/grube/OneDrive%20-%20HTL%20Saalfelden/Desktop/Pos/Pos3/blaetter_vs_beiser/Blaetter_vs_Beiser/blaetter_vs_beiser/target/classes/assets/textures/Shovel.png
10:19:06.698 [FXGL Background Thread 2 ] INFO  UpdaterService       - Your current version:  17.3
10:19:06.698 [FXGL Background Thread 2 ] INFO  UpdaterService       - Latest stable version: 25
10:19:06.729 [FXGL Background Thread 1 ] INFO  FXGLApplication      - Game initialization took: 0,451 sec
10:19:06.730 [JavaFX Application Thread] DEBUG Input                - Clearing active input actions
10:19:06.737 [JavaFX Application Thread] DEBUG GameApplicationServi - Removing overlay from FXGLLoadingScene and adding to GameScene
10:19:06.738 [JavaFX Application Thread] DEBUG PrimaryStageWindow   - FXGLLoadingScene -> GameScene
10:19:07.746 [JavaFX Application Thread] DEBUG FXGLAssetLoaderServi - Loading from file system: file:/C:/Users/grube/OneDrive%20-%20HTL%20Saalfelden/Desktop/Pos/Pos3/blaetter_vs_beiser/Blaetter_vs_Beiser/blaetter_vs_beiser/target/classes/assets/textures/Zombies/Zombie3.png
10:19:09.220 [FXGL Background Thread 3 ] DEBUG Engine               - Logging environment variables
10:19:09.220 [FXGL Background Thread 3 ] DEBUG Engine               - achievements: []
10:19:09.221 [FXGL Background Thread 3 ] DEBUG Engine               - actualHeight: 960.0
10:19:09.221 [FXGL Background Thread 3 ] DEBUG Engine               - actualHeightProperty: ReadOnlyDoubleProperty [value: 960.0]
10:19:09.221 [FXGL Background Thread 3 ] DEBUG Engine               - actualWidth: 1536.0
10:19:09.221 [FXGL Background Thread 3 ] DEBUG Engine               - actualWidthProperty: ReadOnlyDoubleProperty [value: 1536.0]
10:19:09.221 [FXGL Background Thread 3 ] DEBUG Engine               - appIcon: fxgl_icon.png
10:19:09.221 [FXGL Background Thread 3 ] DEBUG Engine               - applicationMode: DEVELOPER
10:19:09.221 [FXGL Background Thread 3 ] DEBUG Engine               - cSSList: [fxgl_dark.css]
10:19:09.221 [FXGL Background Thread 3 ] DEBUG Engine               - collisionDetectionStrategy: BRUTE_FORCE
10:19:09.221 [FXGL Background Thread 3 ] DEBUG Engine               - configClass: Optional.empty
10:19:09.221 [FXGL Background Thread 3 ] DEBUG Engine               - credits: []
10:19:09.221 [FXGL Background Thread 3 ] DEBUG Engine               - defaultCursor: CursorInfo(imageName=fxgl_default_cursor.png, hotspotX=7.0, hotspotY=6.0)
10:19:09.221 [FXGL Background Thread 3 ] DEBUG Engine               - devBBoxColorProperty: ObjectProperty [value: 0xff0000ff]
10:19:09.221 [FXGL Background Thread 3 ] DEBUG Engine               - devEnableDebugCameraProperty: BooleanProperty [value: false]
10:19:09.221 [FXGL Background Thread 3 ] DEBUG Engine               - devSensorColorProperty: ObjectProperty [value: 0xffff00ff]
10:19:09.221 [FXGL Background Thread 3 ] DEBUG Engine               - devShowBBoxProperty: BooleanProperty [value: false]
10:19:09.221 [FXGL Background Thread 3 ] DEBUG Engine               - devShowPositionProperty: BooleanProperty [value: false]
10:19:09.221 [FXGL Background Thread 3 ] DEBUG Engine               - enabledMenuItems: []
10:19:09.221 [FXGL Background Thread 3 ] DEBUG Engine               - engineServices: [class com.almasb.fxgl.app.services.FXGLAssetLoaderService, class com.almasb.fxgl.app.FXGLApplication$GameApplicationService, class com.almasb.fxgl.app.services.FXGLDialogService, class com.almasb.fxgl.app.services.IOTaskExecutorService, class com.almasb.fxgl.io.FileSystemService, class com.almasb.fxgl.localization.LocalizationService, class com.almasb.fxgl.app.services.SystemBundleService, class com.almasb.fxgl.profile.SaveLoadService, class com.almasb.fxgl.ui.FXGLUIFactoryServiceProvider, class com.almasb.fxgl.ui.FXGLDialogFactoryServiceProvider, class com.almasb.fxgl.audio.AudioPlayer, class com.almasb.fxgl.notification.impl.NotificationServiceProvider, class com.almasb.fxgl.achievement.AchievementService, class com.almasb.fxgl.cutscene.CutsceneService, class com.almasb.fxgl.minigames.MiniGameService, class com.almasb.fxgl.net.NetService, class com.almasb.fxgl.app.services.UpdaterService, class com.almasb.fxgl.dev.DevService]
10:19:09.221 [FXGL Background Thread 3 ] DEBUG Engine               - fontGame: Abel-Regular.ttf
10:19:09.221 [FXGL Background Thread 3 ] DEBUG Engine               - fontMono: TerminalLandMono-Regular.otf
10:19:09.221 [FXGL Background Thread 3 ] DEBUG Engine               - fontSizeScaleUI: 1.0
10:19:09.221 [FXGL Background Thread 3 ] DEBUG Engine               - fontText: Courier-Prime.ttf
10:19:09.221 [FXGL Background Thread 3 ] DEBUG Engine               - fontUI: VarelaRound-Regular.ttf
10:19:09.221 [FXGL Background Thread 3 ] DEBUG Engine               - fullScreen: BooleanProperty [value: true]
10:19:09.222 [FXGL Background Thread 3 ] DEBUG Engine               - gameDifficulty: MEDIUM
10:19:09.222 [FXGL Background Thread 3 ] DEBUG Engine               - gameDifficultyProperty: ObjectProperty [value: MEDIUM]
10:19:09.222 [FXGL Background Thread 3 ] DEBUG Engine               - globalMusicVolume: 0.5
10:19:09.222 [FXGL Background Thread 3 ] DEBUG Engine               - globalMusicVolumeProperty: DoubleProperty [value: 0.5]
10:19:09.222 [FXGL Background Thread 3 ] DEBUG Engine               - globalSoundVolume: 0.5
10:19:09.222 [FXGL Background Thread 3 ] DEBUG Engine               - globalSoundVolumeProperty: DoubleProperty [value: 0.5]
10:19:09.222 [FXGL Background Thread 3 ] DEBUG Engine               - height: 600
10:19:09.222 [FXGL Background Thread 3 ] DEBUG Engine               - is3D: false
10:19:09.222 [FXGL Background Thread 3 ] DEBUG Engine               - isAndroid: false
10:19:09.222 [FXGL Background Thread 3 ] DEBUG Engine               - isBrowser: false
10:19:09.222 [FXGL Background Thread 3 ] DEBUG Engine               - isClickFeedbackEnabled: false
10:19:09.222 [FXGL Background Thread 3 ] DEBUG Engine               - isCloseConfirmation: false
10:19:09.222 [FXGL Background Thread 3 ] DEBUG Engine               - isDesktop: true
10:19:09.222 [FXGL Background Thread 3 ] DEBUG Engine               - isDeveloperMenuEnabled: false
10:19:09.222 [FXGL Background Thread 3 ] DEBUG Engine               - isEmbedded: false
10:19:09.222 [FXGL Background Thread 3 ] DEBUG Engine               - isEntityPreloadEnabled: true
10:19:09.222 [FXGL Background Thread 3 ] DEBUG Engine               - isExperimentalTiledLargeMap: false
10:19:09.222 [FXGL Background Thread 3 ] DEBUG Engine               - isFileSystemWriteAllowed: true
10:19:09.222 [FXGL Background Thread 3 ] DEBUG Engine               - isFullScreenAllowed: true
10:19:09.222 [FXGL Background Thread 3 ] DEBUG Engine               - isFullScreenFromStart: true
10:19:09.222 [FXGL Background Thread 3 ] DEBUG Engine               - isGameMenuEnabled: true
10:19:09.222 [FXGL Background Thread 3 ] DEBUG Engine               - isIOS: false
10:19:09.222 [FXGL Background Thread 3 ] DEBUG Engine               - isIntroEnabled: false
10:19:09.222 [FXGL Background Thread 3 ] DEBUG Engine               - isLinux: false
10:19:09.222 [FXGL Background Thread 3 ] DEBUG Engine               - isMac: false
10:19:09.222 [FXGL Background Thread 3 ] DEBUG Engine               - isMainMenuEnabled: false
10:19:09.222 [FXGL Background Thread 3 ] DEBUG Engine               - isManualResizeEnabled: false
10:19:09.222 [FXGL Background Thread 3 ] DEBUG Engine               - isMobile: false
10:19:09.222 [FXGL Background Thread 3 ] DEBUG Engine               - isNative: false
10:19:09.222 [FXGL Background Thread 3 ] DEBUG Engine               - isPauseMusicWhenMinimized: true
10:19:09.222 [FXGL Background Thread 3 ] DEBUG Engine               - isPreserveResizeRatio: false
10:19:09.222 [FXGL Background Thread 3 ] DEBUG Engine               - isProfilingEnabled: false
10:19:09.222 [FXGL Background Thread 3 ] DEBUG Engine               - isScaleAffectedOnResize: true
10:19:09.222 [FXGL Background Thread 3 ] DEBUG Engine               - isSingleStep: false
10:19:09.222 [FXGL Background Thread 3 ] DEBUG Engine               - isUserProfileEnabled: false
10:19:09.222 [FXGL Background Thread 3 ] DEBUG Engine               - isWindows: true
10:19:09.222 [FXGL Background Thread 3 ] DEBUG Engine               - language: ObjectProperty [value: ENGLISH]
10:19:09.222 [FXGL Background Thread 3 ] DEBUG Engine               - menuKey: ESCAPE
10:19:09.222 [FXGL Background Thread 3 ] DEBUG Engine               - mouseSensitivity: 0.2
10:19:09.222 [FXGL Background Thread 3 ] DEBUG Engine               - notificationViewClass: class com.almasb.fxgl.notification.view.XboxNotificationView
10:19:09.222 [FXGL Background Thread 3 ] DEBUG Engine               - pixelsPerMeter: 50.0
10:19:09.222 [FXGL Background Thread 3 ] DEBUG Engine               - platform: WINDOWS
10:19:09.222 [FXGL Background Thread 3 ] DEBUG Engine               - prefHeightProperty: ReadOnlyDoubleProperty [value: 600.0]
10:19:09.222 [FXGL Background Thread 3 ] DEBUG Engine               - prefWidthProperty: ReadOnlyDoubleProperty [value: 800.0]
10:19:09.222 [FXGL Background Thread 3 ] DEBUG Engine               - profileDir: profiles/
10:19:09.223 [FXGL Background Thread 3 ] DEBUG Engine               - profileName: StringProperty [value: DEFAULT]
10:19:09.223 [FXGL Background Thread 3 ] DEBUG Engine               - randomSeed: -1
10:19:09.223 [FXGL Background Thread 3 ] DEBUG Engine               - runtimeInfo: RuntimeInfo(platform=WINDOWS, version=17.3, build=30.03.2023 11.49)
10:19:09.223 [FXGL Background Thread 3 ] DEBUG Engine               - saveFileExt: sav
10:19:09.223 [FXGL Background Thread 3 ] DEBUG Engine               - scaledHeightProp$fxgl: DoubleProperty [bound, value: 960.0]
10:19:09.223 [FXGL Background Thread 3 ] DEBUG Engine               - scaledWidthProp$fxgl: DoubleProperty [bound, value: 1536.0]
10:19:09.223 [FXGL Background Thread 3 ] DEBUG Engine               - sceneFactory: com.almasb.fxgl.app.scene.SceneFactory@70c7517c
10:19:09.223 [FXGL Background Thread 3 ] DEBUG Engine               - secondsIn24h: 60
10:19:09.223 [FXGL Background Thread 3 ] DEBUG Engine               - soundMenuBack: menu/back.wav
10:19:09.223 [FXGL Background Thread 3 ] DEBUG Engine               - soundMenuPress: menu/press.wav
10:19:09.223 [FXGL Background Thread 3 ] DEBUG Engine               - soundMenuSelect: menu/select.wav
10:19:09.223 [FXGL Background Thread 3 ] DEBUG Engine               - soundNotification: core/notification.wav
10:19:09.223 [FXGL Background Thread 3 ] DEBUG Engine               - stageStyle: DECORATED
10:19:09.223 [FXGL Background Thread 3 ] DEBUG Engine               - supportedLanguages: [ENGLISH, FRENCH, GERMAN, HUNGARIAN, RUSSIAN]
10:19:09.223 [FXGL Background Thread 3 ] DEBUG Engine               - ticksPerSecond: -1
10:19:09.223 [FXGL Background Thread 3 ] DEBUG Engine               - title: BvB
10:19:09.223 [FXGL Background Thread 3 ] DEBUG Engine               - urlGithub: https://github.com/AlmasB/FXGL
10:19:09.223 [FXGL Background Thread 3 ] DEBUG Engine               - urlLeaderboard: http://fxgl-top.herokuapp.com/
10:19:09.223 [FXGL Background Thread 3 ] DEBUG Engine               - urlPOM: https://raw.githubusercontent.com/AlmasB/FXGL/release/README.md
10:19:09.223 [FXGL Background Thread 3 ] DEBUG Engine               - userAppClass: class at.htl.blaetter_vs_beiser.Start
10:19:09.223 [FXGL Background Thread 3 ] DEBUG Engine               - version: 0.0
10:19:09.223 [FXGL Background Thread 3 ] DEBUG Engine               - versionCheckDays: 7
10:19:09.223 [FXGL Background Thread 3 ] DEBUG Engine               - width: 800
10:19:09.223 [FXGL Background Thread 3 ] DEBUG Engine               - Logging services
10:19:09.223 [FXGL Background Thread 3 ] DEBUG Engine               - class com.almasb.fxgl.app.services.FXGLAssetLoaderService
10:19:09.223 [FXGL Background Thread 3 ] DEBUG Engine               - class com.almasb.fxgl.app.FXGLApplication$GameApplicationService
10:19:09.223 [FXGL Background Thread 3 ] DEBUG Engine               - class com.almasb.fxgl.app.services.FXGLDialogService
10:19:09.223 [FXGL Background Thread 3 ] DEBUG Engine               - class com.almasb.fxgl.app.services.IOTaskExecutorService
10:19:09.223 [FXGL Background Thread 3 ] DEBUG Engine               - class com.almasb.fxgl.io.FileSystemService
10:19:09.223 [FXGL Background Thread 3 ] DEBUG Engine               - class com.almasb.fxgl.localization.LocalizationService
10:19:09.223 [FXGL Background Thread 3 ] DEBUG Engine               - class com.almasb.fxgl.app.services.SystemBundleService
10:19:09.223 [FXGL Background Thread 3 ] DEBUG Engine               - class com.almasb.fxgl.profile.SaveLoadService
10:19:09.223 [FXGL Background Thread 3 ] DEBUG Engine               - class com.almasb.fxgl.ui.FXGLUIFactoryServiceProvider
10:19:09.223 [FXGL Background Thread 3 ] DEBUG Engine               - class com.almasb.fxgl.ui.FXGLDialogFactoryServiceProvider
10:19:09.223 [FXGL Background Thread 3 ] DEBUG Engine               - class com.almasb.fxgl.audio.AudioPlayer
10:19:09.223 [FXGL Background Thread 3 ] DEBUG Engine               - class com.almasb.fxgl.notification.impl.NotificationServiceProvider
10:19:09.223 [FXGL Background Thread 3 ] DEBUG Engine               - class com.almasb.fxgl.achievement.AchievementService
10:19:09.223 [FXGL Background Thread 3 ] DEBUG Engine               - class com.almasb.fxgl.cutscene.CutsceneService
10:19:09.223 [FXGL Background Thread 3 ] DEBUG Engine               - class com.almasb.fxgl.minigames.MiniGameService
10:19:09.223 [FXGL Background Thread 3 ] DEBUG Engine               - class com.almasb.fxgl.net.NetService
10:19:09.223 [FXGL Background Thread 3 ] DEBUG Engine               - class com.almasb.fxgl.app.services.UpdaterService
10:19:09.223 [FXGL Background Thread 3 ] DEBUG Engine               - class com.almasb.fxgl.dev.DevService
10:19:09.372 [JavaFX Application Thread] DEBUG PrimaryStageWindow   - Push state: GolfRangeScene
10:19:09.373 [JavaFX Application Thread] DEBUG Input                - Clearing active input actions
10:19:09.381 [JavaFX Application Thread] DEBUG GameApplicationServi - Removing overlay from GameScene and adding to GolfRangeScene
10:19:09.381 [JavaFX Application Thread] DEBUG PrimaryStageWindow   - GameScene -> GolfRangeScene
10:20:33.928 [JavaFX Application Thread] DEBUG PrimaryStageWindow   - Pop state: GolfRangeScene
10:20:33.928 [JavaFX Application Thread] DEBUG Input                - Clearing active input actions
10:20:33.929 [JavaFX Application Thread] DEBUG GameApplicationServi - Removing overlay from GolfRangeScene and adding to GameScene
10:20:33.929 [JavaFX Application Thread] DEBUG PrimaryStageWindow   - GameScene <- GolfRangeScene
10:20:35.381 [JavaFX Application Thread] DEBUG FXGLAssetLoaderServi - Loading JSON from: file:/C:/Users/grube/OneDrive%20-%20HTL%20Saalfelden/Desktop/Pos/Pos3/blaetter_vs_beiser/Blaetter_vs_Beiser/blaetter_vs_beiser/target/classes/assets/Level/level0.json
10:20:36.021 [JavaFX Application Thread] DEBUG PrimaryStageWindow   - Push state: FXGLDefaultMenu
10:20:36.024 [JavaFX Application Thread] DEBUG Input                - Clearing active input actions
10:20:36.025 [JavaFX Application Thread] DEBUG GameApplicationServi - Removing overlay from GameScene and adding to FXGLDefaultMenu
10:20:36.025 [JavaFX Application Thread] DEBUG PrimaryStageWindow   - GameScene -> FXGLDefaultMenu
10:20:38.028 [JavaFX Application Thread] DEBUG Menu                 - fireExit()
10:20:38.030 [JavaFX Application Thread] DEBUG PrimaryStageWindow   - Push state: DialogSubScene
10:20:38.030 [JavaFX Application Thread] DEBUG Input                - Clearing active input actions
10:20:38.030 [JavaFX Application Thread] DEBUG GameApplicationServi - Removing overlay from FXGLDefaultMenu and adding to DialogSubScene
10:20:38.030 [JavaFX Application Thread] DEBUG PrimaryStageWindow   - FXGLDefaultMenu -> DialogSubScene
10:20:38.999 [JavaFX Application Thread] DEBUG PrimaryStageWindow   - Pop state: DialogSubScene
10:20:38.999 [JavaFX Application Thread] DEBUG Input                - Clearing active input actions
10:20:38.999 [JavaFX Application Thread] DEBUG GameApplicationServi - Removing overlay from DialogSubScene and adding to FXGLDefaultMenu
10:20:38.999 [JavaFX Application Thread] DEBUG PrimaryStageWindow   - FXGLDefaultMenu <- DialogSubScene
10:20:38.999 [JavaFX Application Thread] DEBUG FXGLApplication      - Exiting FXGL
10:20:38.999 [JavaFX Application Thread] DEBUG LoopRunner           - Stopping loop
10:20:38.999 [JavaFX Application Thread] DEBUG SystemBundleService  - Saving FXGL system data
10:20:39.002 [JavaFX Application Thread] DEBUG FileSystemAccess     - Writing to: C:\Users\grube\OneDrive - HTL Saalfelden\Desktop\Pos\Pos3\blaetter_vs_beiser\Blaetter_vs_Beiser\system\fxgl.bundle
10:20:39.005 [JavaFX Application Thread] DEBUG Async                - Shutting down background threads
10:20:39.005 [JavaFX Application Thread] DEBUG PrimaryStageWindow   - Closing main window
10:20:39.033 [JavaFX Application Thread] DEBUG Logger               - Closing Logger
