10:22:40.140 [main                     ] DEBUG Logger               - Configured Logger
10:22:40.149 [main                     ] DEBUG GameApplication      - Logging settings
Title: BvB
Version: 0.0
Width: 800
Height: 600
Fullscreen: true
Intro: false
Profiling: false
Single step:false
App Mode: DEVELOPER
Menu Key: ESCAPE
Stage Style: DECORATED
Scene Factory: class com.almasb.fxgl.app.scene.SceneFactory

10:22:40.576 [JavaFX Application Thread] DEBUG FXGLApplication      - Initializing FXGL
10:22:40.579 [JavaFX Application Thread] INFO  Engine               - FXGL-17.3 (30.03.2023 11.49) on WINDOWS (J:25 FX:21.0.6)
10:22:40.579 [JavaFX Application Thread] DEBUG Engine               - JRE Vendor Name: Oracle Corporation
10:22:40.579 [JavaFX Application Thread] DEBUG Engine               - Running on OS: Windows 11 version 10.0
10:22:40.579 [JavaFX Application Thread] DEBUG Engine               - Architecture: amd64
10:22:40.579 [JavaFX Application Thread] INFO  Engine               - Source code and latest versions at: https://github.com/AlmasB/FXGL
10:22:40.579 [JavaFX Application Thread] INFO  Engine               -       Ask questions and discuss at: https://github.com/AlmasB/FXGL/discussions
10:22:40.580 [JavaFX Application Thread] INFO  Engine               -              Join the FXGL chat at: https://gitter.im/AlmasB/FXGL
10:22:40.671 [JavaFX Application Thread] DEBUG PrimaryStageWindow   - Creating a JavaFX scene
10:22:40.713 [JavaFX Application Thread] DEBUG PrimaryStageWindow   - Target settings size: 800.0 x 600.0
10:22:40.713 [JavaFX Application Thread] DEBUG PrimaryStageWindow   - Scaled scene size:    800.0 x 600.0
10:22:40.713 [JavaFX Application Thread] DEBUG PrimaryStageWindow   - Scaled ratio: (1.0, 1.0)
10:22:40.714 [JavaFX Application Thread] DEBUG PrimaryStageWindow   - Set initial scene to FXGLStartupScene
10:22:40.718 [JavaFX Application Thread] DEBUG PrimaryStageWindow   - Opening main window
10:22:40.815 [JavaFX Application Thread] DEBUG PrimaryStageWindow   - Window border size: (14.4000244140625, 37.5999755859375)
10:22:40.815 [JavaFX Application Thread] DEBUG PrimaryStageWindow   - Scaled size: 800.0 x 600.0
10:22:40.815 [JavaFX Application Thread] DEBUG PrimaryStageWindow   - Scaled ratio: (1.0, 1.0)
10:22:40.815 [JavaFX Application Thread] DEBUG PrimaryStageWindow   - Scene size: 800.0 x 600.0
10:22:40.815 [JavaFX Application Thread] DEBUG PrimaryStageWindow   - Stage size: 814.4000244140625 x 637.5999755859375
10:22:40.864 [JavaFX Application Thread] DEBUG PrimaryStageWindow   - Going fullscreen
10:22:40.874 [FXGL Background Thread 1 ] DEBUG Engine               - Initializing environment variables
10:22:40.918 [FXGL Background Thread 1 ] DEBUG FXGLAssetLoaderServi - User app class for loading assets: class at.htl.blaetter_vs_beiser.Start
10:22:40.918 [FXGL Background Thread 1 ] DEBUG GameApplicationServi - Applying CSS: fxgl_dark.css
10:22:40.919 [FXGL Background Thread 1 ] DEBUG FXGLAssetLoaderServi - Loading from file system: jar:file:/C:/Users/grube/.m2/repository/com/github/almasb/fxgl/17.3/fxgl-17.3.jar!/fxglassets/ui/css/fxgl_dark.css
10:22:40.949 [FXGL Background Thread 1 ] DEBUG GameApplicationServi - Initializing application scenes
10:22:40.977 [FXGL Background Thread 1 ] DEBUG GameWorld            - Game world initialized
10:22:41.011 [FXGL Background Thread 1 ] DEBUG PhysicsWorld         - Physics world initialized: appHeight=600, physics.ppm=50,0
10:22:41.011 [FXGL Background Thread 1 ] DEBUG PhysicsWorld         - Using strategy: BRUTE_FORCE
10:22:41.014 [FXGL Background Thread 1 ] DEBUG GameScene            - Game scene initialized: 800x600
10:22:41.023 [FXGL Background Thread 1 ] DEBUG FXGL.DefaultMenu     - createMenuBodyGameMenu()
10:22:41.035 [FXGL Background Thread 1 ] DEBUG FXGL.DefaultMenu     - createOptionsMenu()
10:22:41.043 [FXGL Background Thread 1 ] DEBUG FXGLAssetLoaderServi - Loading from file system: jar:file:/C:/Users/grube/.m2/repository/com/github/almasb/fxgl/17.3/fxgl-17.3.jar!/fxglassets/textures/particles/smoke.png
10:22:41.110 [FXGL Background Thread 1 ] DEBUG FXGLAssetLoaderServi - Loading from file system: jar:file:/C:/Users/grube/.m2/repository/com/github/almasb/fxgl/17.3/fxgl-17.3.jar!/fxglassets/textures/particles/trace_horizontal.png
10:22:41.132 [FXGL Background Thread 1 ] DEBUG GameApplicationServi - Application scenes initialized
10:22:41.142 [FXGL Background Thread 1 ] DEBUG SystemBundleService  - Loading FXGL system data
10:22:41.146 [FXGL Background Thread 1 ] DEBUG FileSystemAccess     - Reading from: C:\Users\grube\OneDrive - HTL Saalfelden\Desktop\Pos\Pos3\blaetter_vs_beiser\Blaetter_vs_Beiser\system\fxgl.bundle
10:22:41.151 [FXGL Background Thread 1 ] DEBUG SystemBundleService  - Bundle FXGL: {}
10:22:41.151 [FXGL Background Thread 1 ] DEBUG UpdaterService       - Checking for updates
10:22:41.154 [FXGL Background Thread 4 ] DEBUG FXGLApplication      - Loading fonts
10:22:41.155 [FXGL Background Thread 4 ] DEBUG FXGLAssetLoaderServi - Loading from file system: jar:file:/C:/Users/grube/.m2/repository/com/github/almasb/fxgl/17.3/fxgl-17.3.jar!/fxglassets/ui/fonts/VarelaRound-Regular.ttf
10:22:41.155 [FXGL Background Thread 1 ] DEBUG FXGLApplication      - Loading default localization
10:22:41.155 [FXGL Background Thread 1 ] DEBUG FXGLAssetLoaderServi - Loading from file system: jar:file:/C:/Users/grube/.m2/repository/com/github/almasb/fxgl/17.3/fxgl-17.3.jar!/fxglassets/languages/english.lang
10:22:41.167 [FXGL Background Thread 1 ] INFO  FXGLApplication      - FXGL initialization took: 0,294 sec
10:22:41.170 [JavaFX Application Thread] DEBUG FXGLAssetLoaderServi - Loading from file system: jar:file:/C:/Users/grube/.m2/repository/com/github/almasb/fxgl/17.3/fxgl-17.3.jar!/fxglassets/textures/fxgl_icon.png
10:22:41.188 [JavaFX Application Thread] DEBUG FXGLAssetLoaderServi - Loading from file system: jar:file:/C:/Users/grube/.m2/repository/com/github/almasb/fxgl/17.3/fxgl-17.3.jar!/fxglassets/textures/fxgl_default_cursor.png
10:22:41.188 [FXGL Background Thread 4 ] DEBUG FXGLAssetLoaderServi - Loading from file system: jar:file:/C:/Users/grube/.m2/repository/com/github/almasb/fxgl/17.3/fxgl-17.3.jar!/fxglassets/ui/fonts/Abel-Regular.ttf
10:22:41.196 [JavaFX Application Thread] DEBUG Input                - Registered new binding: Screenshot - CTRL+8
10:22:41.196 [JavaFX Application Thread] DEBUG Input                - Registered new binding: System info dump - CTRL+9
10:22:41.196 [JavaFX Application Thread] DEBUG Input                - Registered new binding: Restart - CTRL+R
10:22:41.197 [JavaFX Application Thread] DEBUG Input                - Registered new binding: Toggle Debug Camera - CTRL+7
10:22:41.198 [FXGL Background Thread 4 ] DEBUG FXGLAssetLoaderServi - Loading from file system: jar:file:/C:/Users/grube/.m2/repository/com/github/almasb/fxgl/17.3/fxgl-17.3.jar!/fxglassets/ui/fonts/TerminalLandMono-Regular.otf
10:22:41.199 [JavaFX Application Thread] DEBUG LoopRunner           - Starting loop
10:22:41.199 [JavaFX Application Thread] DEBUG LoopRunner           - Initializing JavaFX AnimationTimerLoop
10:22:41.200 [JavaFX Application Thread] DEBUG GameApplicationServi - Starting new game
10:22:41.200 [JavaFX Application Thread] DEBUG Input                - Clearing active input actions
10:22:41.209 [JavaFX Application Thread] DEBUG GameApplicationServi - Removing overlay from FXGLStartupScene and adding to FXGLLoadingScene
10:22:41.209 [JavaFX Application Thread] DEBUG PrimaryStageWindow   - FXGLStartupScene -> FXGLLoadingScene
10:22:41.209 [JavaFX Application Thread] DEBUG GameApplicationServi - Clearing previous game
10:22:41.209 [FXGL Background Thread 4 ] DEBUG FXGLAssetLoaderServi - Loading from file system: jar:file:/C:/Users/grube/.m2/repository/com/github/almasb/fxgl/17.3/fxgl-17.3.jar!/fxglassets/ui/fonts/Courier-Prime.ttf
10:22:41.209 [JavaFX Application Thread] DEBUG GameScene            - Clearing game scene
10:22:41.209 [JavaFX Application Thread] DEBUG GameWorld            - Clearing game world
10:22:41.210 [JavaFX Application Thread] DEBUG PhysicsWorld         - Clearing physics world
10:22:41.211 [FXGL Background Thread 1 ] DEBUG FXGLApplication      - Initializing game
10:22:41.214 [FXGL Background Thread 1 ] DEBUG FXGLAssetLoaderServi - Loading from file system: file:/C:/Users/grube/OneDrive%20-%20HTL%20Saalfelden/Desktop/Pos/Pos3/blaetter_vs_beiser/Blaetter_vs_Beiser/blaetter_vs_beiser/target/classes/assets/textures/Background.png
10:22:41.249 [JavaFX Application Thread] DEBUG FXGLApplication      - Registering font factories with UI factory
10:22:41.374 [FXGL Background Thread 1 ] DEBUG FXGLAssetLoaderServi - Loading JSON from: file:/C:/Users/grube/OneDrive%20-%20HTL%20Saalfelden/Desktop/Pos/Pos3/blaetter_vs_beiser/Blaetter_vs_Beiser/blaetter_vs_beiser/target/classes/assets/Level/level0.json
10:22:41.567 [FXGL Background Thread 1 ] DEBUG FXGLAssetLoaderServi - Loading from file system: file:/C:/Users/grube/OneDrive%20-%20HTL%20Saalfelden/Desktop/Pos/Pos3/blaetter_vs_beiser/Blaetter_vs_Beiser/blaetter_vs_beiser/target/classes/assets/textures/Mousecursor.png
10:22:41.570 [FXGL Background Thread 1 ] DEBUG FXGLAssetLoaderServi - Loading from file system: file:/C:/Users/grube/OneDrive%20-%20HTL%20Saalfelden/Desktop/Pos/Pos3/blaetter_vs_beiser/Blaetter_vs_Beiser/blaetter_vs_beiser/target/classes/assets/textures/Sun.png
10:22:41.577 [FXGL Background Thread 1 ] DEBUG FXGLAssetLoaderServi - Loading from file system: file:/C:/Users/grube/OneDrive%20-%20HTL%20Saalfelden/Desktop/Pos/Pos3/blaetter_vs_beiser/Blaetter_vs_Beiser/blaetter_vs_beiser/target/classes/assets/textures/Plants/Peashooter.png
10:22:41.586 [FXGL Background Thread 1 ] DEBUG FXGLAssetLoaderServi - Loading from file system: file:/C:/Users/grube/OneDrive%20-%20HTL%20Saalfelden/Desktop/Pos/Pos3/blaetter_vs_beiser/Blaetter_vs_Beiser/blaetter_vs_beiser/target/classes/assets/textures/Plants/Sunflower.png
10:22:41.597 [FXGL Background Thread 1 ] DEBUG FXGLAssetLoaderServi - Loading from file system: file:/C:/Users/grube/OneDrive%20-%20HTL%20Saalfelden/Desktop/Pos/Pos3/blaetter_vs_beiser/Blaetter_vs_Beiser/blaetter_vs_beiser/target/classes/assets/textures/Plants/Wallnut.png
10:22:41.604 [FXGL Background Thread 1 ] DEBUG FXGLAssetLoaderServi - Loading from file system: file:/C:/Users/grube/OneDrive%20-%20HTL%20Saalfelden/Desktop/Pos/Pos3/blaetter_vs_beiser/Blaetter_vs_Beiser/blaetter_vs_beiser/target/classes/assets/textures/Plants/Potatomine.png
10:22:41.621 [FXGL Background Thread 1 ] DEBUG FXGLAssetLoaderServi - Loading from file system: file:/C:/Users/grube/OneDrive%20-%20HTL%20Saalfelden/Desktop/Pos/Pos3/blaetter_vs_beiser/Blaetter_vs_Beiser/blaetter_vs_beiser/target/classes/assets/textures/Plants/Cherrybomb.png
10:22:41.632 [FXGL Background Thread 1 ] DEBUG FXGLAssetLoaderServi - Loading from file system: file:/C:/Users/grube/OneDrive%20-%20HTL%20Saalfelden/Desktop/Pos/Pos3/blaetter_vs_beiser/Blaetter_vs_Beiser/blaetter_vs_beiser/target/classes/assets/textures/Plants/Snowpeashooter.png
10:22:41.655 [FXGL Background Thread 1 ] DEBUG FXGLAssetLoaderServi - Loading from file system: file:/C:/Users/grube/OneDrive%20-%20HTL%20Saalfelden/Desktop/Pos/Pos3/blaetter_vs_beiser/Blaetter_vs_Beiser/blaetter_vs_beiser/target/classes/assets/textures/Shovel.png
10:22:41.687 [FXGL Background Thread 1 ] INFO  FXGLApplication      - Game initialization took: 0,476 sec
10:22:41.696 [JavaFX Application Thread] DEBUG Input                - Clearing active input actions
10:22:41.704 [JavaFX Application Thread] DEBUG GameApplicationServi - Removing overlay from FXGLLoadingScene and adding to GameScene
10:22:41.704 [JavaFX Application Thread] DEBUG PrimaryStageWindow   - FXGLLoadingScene -> GameScene
10:22:41.759 [FXGL Background Thread 2 ] INFO  UpdaterService       - Your current version:  17.3
10:22:41.760 [FXGL Background Thread 2 ] INFO  UpdaterService       - Latest stable version: 25
10:22:42.686 [JavaFX Application Thread] DEBUG FXGLAssetLoaderServi - Loading from file system: file:/C:/Users/grube/OneDrive%20-%20HTL%20Saalfelden/Desktop/Pos/Pos3/blaetter_vs_beiser/Blaetter_vs_Beiser/blaetter_vs_beiser/target/classes/assets/textures/Zombies/Zombie3.png
10:22:44.155 [FXGL Background Thread 3 ] DEBUG Engine               - Logging environment variables
10:22:44.155 [FXGL Background Thread 3 ] DEBUG Engine               - achievements: []
10:22:44.155 [FXGL Background Thread 3 ] DEBUG Engine               - actualHeight: 960.0
10:22:44.155 [FXGL Background Thread 3 ] DEBUG Engine               - actualHeightProperty: ReadOnlyDoubleProperty [value: 960.0]
10:22:44.155 [FXGL Background Thread 3 ] DEBUG Engine               - actualWidth: 1536.0
10:22:44.155 [FXGL Background Thread 3 ] DEBUG Engine               - actualWidthProperty: ReadOnlyDoubleProperty [value: 1536.0]
10:22:44.155 [FXGL Background Thread 3 ] DEBUG Engine               - appIcon: fxgl_icon.png
10:22:44.155 [FXGL Background Thread 3 ] DEBUG Engine               - applicationMode: DEVELOPER
10:22:44.155 [FXGL Background Thread 3 ] DEBUG Engine               - cSSList: [fxgl_dark.css]
10:22:44.155 [FXGL Background Thread 3 ] DEBUG Engine               - collisionDetectionStrategy: BRUTE_FORCE
10:22:44.155 [FXGL Background Thread 3 ] DEBUG Engine               - configClass: Optional.empty
10:22:44.155 [FXGL Background Thread 3 ] DEBUG Engine               - credits: []
10:22:44.156 [FXGL Background Thread 3 ] DEBUG Engine               - defaultCursor: CursorInfo(imageName=fxgl_default_cursor.png, hotspotX=7.0, hotspotY=6.0)
10:22:44.156 [FXGL Background Thread 3 ] DEBUG Engine               - devBBoxColorProperty: ObjectProperty [value: 0xff0000ff]
10:22:44.156 [FXGL Background Thread 3 ] DEBUG Engine               - devEnableDebugCameraProperty: BooleanProperty [value: false]
10:22:44.156 [FXGL Background Thread 3 ] DEBUG Engine               - devSensorColorProperty: ObjectProperty [value: 0xffff00ff]
10:22:44.156 [FXGL Background Thread 3 ] DEBUG Engine               - devShowBBoxProperty: BooleanProperty [value: false]
10:22:44.156 [FXGL Background Thread 3 ] DEBUG Engine               - devShowPositionProperty: BooleanProperty [value: false]
10:22:44.156 [FXGL Background Thread 3 ] DEBUG Engine               - enabledMenuItems: []
10:22:44.156 [FXGL Background Thread 3 ] DEBUG Engine               - engineServices: [class com.almasb.fxgl.app.services.FXGLAssetLoaderService, class com.almasb.fxgl.app.FXGLApplication$GameApplicationService, class com.almasb.fxgl.app.services.FXGLDialogService, class com.almasb.fxgl.app.services.IOTaskExecutorService, class com.almasb.fxgl.io.FileSystemService, class com.almasb.fxgl.localization.LocalizationService, class com.almasb.fxgl.app.services.SystemBundleService, class com.almasb.fxgl.profile.SaveLoadService, class com.almasb.fxgl.ui.FXGLUIFactoryServiceProvider, class com.almasb.fxgl.ui.FXGLDialogFactoryServiceProvider, class com.almasb.fxgl.audio.AudioPlayer, class com.almasb.fxgl.notification.impl.NotificationServiceProvider, class com.almasb.fxgl.achievement.AchievementService, class com.almasb.fxgl.cutscene.CutsceneService, class com.almasb.fxgl.minigames.MiniGameService, class com.almasb.fxgl.net.NetService, class com.almasb.fxgl.app.services.UpdaterService, class com.almasb.fxgl.dev.DevService]
10:22:44.156 [FXGL Background Thread 3 ] DEBUG Engine               - fontGame: Abel-Regular.ttf
10:22:44.156 [FXGL Background Thread 3 ] DEBUG Engine               - fontMono: TerminalLandMono-Regular.otf
10:22:44.156 [FXGL Background Thread 3 ] DEBUG Engine               - fontSizeScaleUI: 1.0
10:22:44.156 [FXGL Background Thread 3 ] DEBUG Engine               - fontText: Courier-Prime.ttf
10:22:44.156 [FXGL Background Thread 3 ] DEBUG Engine               - fontUI: VarelaRound-Regular.ttf
10:22:44.156 [FXGL Background Thread 3 ] DEBUG Engine               - fullScreen: BooleanProperty [value: true]
10:22:44.156 [FXGL Background Thread 3 ] DEBUG Engine               - gameDifficulty: MEDIUM
10:22:44.156 [FXGL Background Thread 3 ] DEBUG Engine               - gameDifficultyProperty: ObjectProperty [value: MEDIUM]
10:22:44.156 [FXGL Background Thread 3 ] DEBUG Engine               - globalMusicVolume: 0.5
10:22:44.156 [FXGL Background Thread 3 ] DEBUG Engine               - globalMusicVolumeProperty: DoubleProperty [value: 0.5]
10:22:44.156 [FXGL Background Thread 3 ] DEBUG Engine               - globalSoundVolume: 0.5
10:22:44.156 [FXGL Background Thread 3 ] DEBUG Engine               - globalSoundVolumeProperty: DoubleProperty [value: 0.5]
10:22:44.156 [FXGL Background Thread 3 ] DEBUG Engine               - height: 600
10:22:44.156 [FXGL Background Thread 3 ] DEBUG Engine               - is3D: false
10:22:44.156 [FXGL Background Thread 3 ] DEBUG Engine               - isAndroid: false
10:22:44.156 [FXGL Background Thread 3 ] DEBUG Engine               - isBrowser: false
10:22:44.157 [FXGL Background Thread 3 ] DEBUG Engine               - isClickFeedbackEnabled: false
10:22:44.157 [FXGL Background Thread 3 ] DEBUG Engine               - isCloseConfirmation: false
10:22:44.157 [FXGL Background Thread 3 ] DEBUG Engine               - isDesktop: true
10:22:44.157 [FXGL Background Thread 3 ] DEBUG Engine               - isDeveloperMenuEnabled: false
10:22:44.157 [FXGL Background Thread 3 ] DEBUG Engine               - isEmbedded: false
10:22:44.157 [FXGL Background Thread 3 ] DEBUG Engine               - isEntityPreloadEnabled: true
10:22:44.157 [FXGL Background Thread 3 ] DEBUG Engine               - isExperimentalTiledLargeMap: false
10:22:44.157 [FXGL Background Thread 3 ] DEBUG Engine               - isFileSystemWriteAllowed: true
10:22:44.157 [FXGL Background Thread 3 ] DEBUG Engine               - isFullScreenAllowed: true
10:22:44.157 [FXGL Background Thread 3 ] DEBUG Engine               - isFullScreenFromStart: true
10:22:44.157 [FXGL Background Thread 3 ] DEBUG Engine               - isGameMenuEnabled: true
10:22:44.157 [FXGL Background Thread 3 ] DEBUG Engine               - isIOS: false
10:22:44.157 [FXGL Background Thread 3 ] DEBUG Engine               - isIntroEnabled: false
10:22:44.157 [FXGL Background Thread 3 ] DEBUG Engine               - isLinux: false
10:22:44.157 [FXGL Background Thread 3 ] DEBUG Engine               - isMac: false
10:22:44.157 [FXGL Background Thread 3 ] DEBUG Engine               - isMainMenuEnabled: false
10:22:44.157 [FXGL Background Thread 3 ] DEBUG Engine               - isManualResizeEnabled: false
10:22:44.157 [FXGL Background Thread 3 ] DEBUG Engine               - isMobile: false
10:22:44.157 [FXGL Background Thread 3 ] DEBUG Engine               - isNative: false
10:22:44.157 [FXGL Background Thread 3 ] DEBUG Engine               - isPauseMusicWhenMinimized: true
10:22:44.157 [FXGL Background Thread 3 ] DEBUG Engine               - isPreserveResizeRatio: false
10:22:44.157 [FXGL Background Thread 3 ] DEBUG Engine               - isProfilingEnabled: false
10:22:44.157 [FXGL Background Thread 3 ] DEBUG Engine               - isScaleAffectedOnResize: true
10:22:44.157 [FXGL Background Thread 3 ] DEBUG Engine               - isSingleStep: false
10:22:44.157 [FXGL Background Thread 3 ] DEBUG Engine               - isUserProfileEnabled: false
10:22:44.157 [FXGL Background Thread 3 ] DEBUG Engine               - isWindows: true
10:22:44.157 [FXGL Background Thread 3 ] DEBUG Engine               - language: ObjectProperty [value: ENGLISH]
10:22:44.157 [FXGL Background Thread 3 ] DEBUG Engine               - menuKey: ESCAPE
10:22:44.157 [FXGL Background Thread 3 ] DEBUG Engine               - mouseSensitivity: 0.2
10:22:44.157 [FXGL Background Thread 3 ] DEBUG Engine               - notificationViewClass: class com.almasb.fxgl.notification.view.XboxNotificationView
10:22:44.157 [FXGL Background Thread 3 ] DEBUG Engine               - pixelsPerMeter: 50.0
10:22:44.157 [FXGL Background Thread 3 ] DEBUG Engine               - platform: WINDOWS
10:22:44.157 [FXGL Background Thread 3 ] DEBUG Engine               - prefHeightProperty: ReadOnlyDoubleProperty [value: 600.0]
10:22:44.157 [FXGL Background Thread 3 ] DEBUG Engine               - prefWidthProperty: ReadOnlyDoubleProperty [value: 800.0]
10:22:44.157 [FXGL Background Thread 3 ] DEBUG Engine               - profileDir: profiles/
10:22:44.157 [FXGL Background Thread 3 ] DEBUG Engine               - profileName: StringProperty [value: DEFAULT]
10:22:44.157 [FXGL Background Thread 3 ] DEBUG Engine               - randomSeed: -1
10:22:44.157 [FXGL Background Thread 3 ] DEBUG Engine               - runtimeInfo: RuntimeInfo(platform=WINDOWS, version=17.3, build=30.03.2023 11.49)
10:22:44.157 [FXGL Background Thread 3 ] DEBUG Engine               - saveFileExt: sav
10:22:44.157 [FXGL Background Thread 3 ] DEBUG Engine               - scaledHeightProp$fxgl: DoubleProperty [bound, value: 960.0]
10:22:44.157 [FXGL Background Thread 3 ] DEBUG Engine               - scaledWidthProp$fxgl: DoubleProperty [bound, value: 1536.0]
10:22:44.157 [FXGL Background Thread 3 ] DEBUG Engine               - sceneFactory: com.almasb.fxgl.app.scene.SceneFactory@22fb7b88
10:22:44.157 [FXGL Background Thread 3 ] DEBUG Engine               - secondsIn24h: 60
10:22:44.157 [FXGL Background Thread 3 ] DEBUG Engine               - soundMenuBack: menu/back.wav
10:22:44.157 [FXGL Background Thread 3 ] DEBUG Engine               - soundMenuPress: menu/press.wav
10:22:44.157 [FXGL Background Thread 3 ] DEBUG Engine               - soundMenuSelect: menu/select.wav
10:22:44.157 [FXGL Background Thread 3 ] DEBUG Engine               - soundNotification: core/notification.wav
10:22:44.157 [FXGL Background Thread 3 ] DEBUG Engine               - stageStyle: DECORATED
10:22:44.157 [FXGL Background Thread 3 ] DEBUG Engine               - supportedLanguages: [ENGLISH, FRENCH, GERMAN, HUNGARIAN, RUSSIAN]
10:22:44.157 [FXGL Background Thread 3 ] DEBUG Engine               - ticksPerSecond: -1
10:22:44.157 [FXGL Background Thread 3 ] DEBUG Engine               - title: BvB
10:22:44.157 [FXGL Background Thread 3 ] DEBUG Engine               - urlGithub: https://github.com/AlmasB/FXGL
10:22:44.157 [FXGL Background Thread 3 ] DEBUG Engine               - urlLeaderboard: http://fxgl-top.herokuapp.com/
10:22:44.157 [FXGL Background Thread 3 ] DEBUG Engine               - urlPOM: https://raw.githubusercontent.com/AlmasB/FXGL/release/README.md
10:22:44.157 [FXGL Background Thread 3 ] DEBUG Engine               - userAppClass: class at.htl.blaetter_vs_beiser.Start
10:22:44.157 [FXGL Background Thread 3 ] DEBUG Engine               - version: 0.0
10:22:44.157 [FXGL Background Thread 3 ] DEBUG Engine               - versionCheckDays: 7
10:22:44.157 [FXGL Background Thread 3 ] DEBUG Engine               - width: 800
10:22:44.157 [FXGL Background Thread 3 ] DEBUG Engine               - Logging services
10:22:44.157 [FXGL Background Thread 3 ] DEBUG Engine               - class com.almasb.fxgl.app.services.FXGLAssetLoaderService
10:22:44.157 [FXGL Background Thread 3 ] DEBUG Engine               - class com.almasb.fxgl.app.FXGLApplication$GameApplicationService
10:22:44.157 [FXGL Background Thread 3 ] DEBUG Engine               - class com.almasb.fxgl.app.services.FXGLDialogService
10:22:44.157 [FXGL Background Thread 3 ] DEBUG Engine               - class com.almasb.fxgl.app.services.IOTaskExecutorService
10:22:44.157 [FXGL Background Thread 3 ] DEBUG Engine               - class com.almasb.fxgl.io.FileSystemService
10:22:44.157 [FXGL Background Thread 3 ] DEBUG Engine               - class com.almasb.fxgl.localization.LocalizationService
10:22:44.157 [FXGL Background Thread 3 ] DEBUG Engine               - class com.almasb.fxgl.app.services.SystemBundleService
10:22:44.157 [FXGL Background Thread 3 ] DEBUG Engine               - class com.almasb.fxgl.profile.SaveLoadService
10:22:44.157 [FXGL Background Thread 3 ] DEBUG Engine               - class com.almasb.fxgl.ui.FXGLUIFactoryServiceProvider
10:22:44.157 [FXGL Background Thread 3 ] DEBUG Engine               - class com.almasb.fxgl.ui.FXGLDialogFactoryServiceProvider
10:22:44.157 [FXGL Background Thread 3 ] DEBUG Engine               - class com.almasb.fxgl.audio.AudioPlayer
10:22:44.157 [FXGL Background Thread 3 ] DEBUG Engine               - class com.almasb.fxgl.notification.impl.NotificationServiceProvider
10:22:44.157 [FXGL Background Thread 3 ] DEBUG Engine               - class com.almasb.fxgl.achievement.AchievementService
10:22:44.157 [FXGL Background Thread 3 ] DEBUG Engine               - class com.almasb.fxgl.cutscene.CutsceneService
10:22:44.157 [FXGL Background Thread 3 ] DEBUG Engine               - class com.almasb.fxgl.minigames.MiniGameService
10:22:44.157 [FXGL Background Thread 3 ] DEBUG Engine               - class com.almasb.fxgl.net.NetService
10:22:44.157 [FXGL Background Thread 3 ] DEBUG Engine               - class com.almasb.fxgl.app.services.UpdaterService
10:22:44.158 [FXGL Background Thread 3 ] DEBUG Engine               - class com.almasb.fxgl.dev.DevService
10:22:44.793 [JavaFX Application Thread] DEBUG FXGLAssetLoaderServi - Loading from file system: file:/C:/Users/grube/OneDrive%20-%20HTL%20Saalfelden/Desktop/Pos/Pos3/blaetter_vs_beiser/Blaetter_vs_Beiser/blaetter_vs_beiser/target/classes/assets/textures/Plants/Snowpeashooter_spreadsheet.png
10:22:45.644 [JavaFX Application Thread] DEBUG FXGLAssetLoaderServi - Loading JSON from: file:/C:/Users/grube/OneDrive%20-%20HTL%20Saalfelden/Desktop/Pos/Pos3/blaetter_vs_beiser/Blaetter_vs_Beiser/blaetter_vs_beiser/target/classes/assets/Level/level0.json
10:23:12.882 [JavaFX Application Thread] DEBUG PrimaryStageWindow   - Push state: GolfRangeScene
10:23:12.882 [JavaFX Application Thread] DEBUG Input                - Clearing active input actions
10:23:12.889 [JavaFX Application Thread] DEBUG GameApplicationServi - Removing overlay from GameScene and adding to GolfRangeScene
10:23:12.889 [JavaFX Application Thread] DEBUG PrimaryStageWindow   - GameScene -> GolfRangeScene
10:23:15.280 [JavaFX Application Thread] DEBUG FXGLApplication      - Exiting FXGL
10:23:15.280 [JavaFX Application Thread] DEBUG LoopRunner           - Stopping loop
10:23:15.280 [JavaFX Application Thread] DEBUG SystemBundleService  - Saving FXGL system data
10:23:15.283 [JavaFX Application Thread] DEBUG FileSystemAccess     - Writing to: C:\Users\grube\OneDrive - HTL Saalfelden\Desktop\Pos\Pos3\blaetter_vs_beiser\Blaetter_vs_Beiser\system\fxgl.bundle
10:23:15.285 [JavaFX Application Thread] DEBUG Async                - Shutting down background threads
10:23:15.285 [JavaFX Application Thread] DEBUG PrimaryStageWindow   - Closing main window
10:23:15.316 [JavaFX Application Thread] DEBUG Logger               - Closing Logger
