11:08:35.869 [main                     ] DEBUG Logger               - Configured Logger
11:08:35.876 [main                     ] DEBUG GameApplication      - Logging settings
Title: BvB
Version: 0.0
Width: 800
Height: 600
Fullscreen: true
Intro: false
Profiling: false
Single step:false
App Mode: DEVELOPER
Menu Key: ESCAPE
Stage Style: DECORATED
Scene Factory: class com.almasb.fxgl.app.scene.SceneFactory

11:08:36.266 [JavaFX Application Thread] DEBUG FXGLApplication      - Initializing FXGL
11:08:36.269 [JavaFX Application Thread] INFO  Engine               - FXGL-17.3 (30.03.2023 11.49) on WINDOWS (J:25.0.2 FX:21.0.6)
11:08:36.269 [JavaFX Application Thread] DEBUG Engine               - JRE Vendor Name: Oracle Corporation
11:08:36.270 [JavaFX Application Thread] DEBUG Engine               - Running on OS: Windows 11 version 10.0
11:08:36.270 [JavaFX Application Thread] DEBUG Engine               - Architecture: amd64
11:08:36.270 [JavaFX Application Thread] INFO  Engine               - Source code and latest versions at: https://github.com/AlmasB/FXGL
11:08:36.270 [JavaFX Application Thread] INFO  Engine               -       Ask questions and discuss at: https://github.com/AlmasB/FXGL/discussions
11:08:36.270 [JavaFX Application Thread] INFO  Engine               -              Join the FXGL chat at: https://gitter.im/AlmasB/FXGL
11:08:36.373 [JavaFX Application Thread] DEBUG PrimaryStageWindow   - Creating a JavaFX scene
11:08:36.422 [JavaFX Application Thread] DEBUG PrimaryStageWindow   - Target settings size: 800.0 x 600.0
11:08:36.422 [JavaFX Application Thread] DEBUG PrimaryStageWindow   - Scaled scene size:    800.0 x 600.0
11:08:36.422 [JavaFX Application Thread] DEBUG PrimaryStageWindow   - Scaled ratio: (1.0, 1.0)
11:08:36.424 [JavaFX Application Thread] DEBUG PrimaryStageWindow   - Set initial scene to FXGLStartupScene
11:08:36.427 [JavaFX Application Thread] DEBUG PrimaryStageWindow   - Opening main window
11:08:36.560 [JavaFX Application Thread] DEBUG PrimaryStageWindow   - Window border size: (14.4000244140625, 37.5999755859375)
11:08:36.560 [JavaFX Application Thread] DEBUG PrimaryStageWindow   - Scaled size: 800.0 x 600.0
11:08:36.560 [JavaFX Application Thread] DEBUG PrimaryStageWindow   - Scaled ratio: (1.0, 1.0)
11:08:36.560 [JavaFX Application Thread] DEBUG PrimaryStageWindow   - Scene size: 800.0 x 600.0
11:08:36.561 [JavaFX Application Thread] DEBUG PrimaryStageWindow   - Stage size: 814.4000244140625 x 637.5999755859375
11:08:36.614 [JavaFX Application Thread] DEBUG PrimaryStageWindow   - Going fullscreen
11:08:36.624 [FXGL Background Thread 1 ] DEBUG Engine               - Initializing environment variables
11:08:36.675 [FXGL Background Thread 1 ] DEBUG FXGLAssetLoaderServi - User app class for loading assets: class at.htl.blaetter_vs_beiser.Start
11:08:36.675 [FXGL Background Thread 1 ] DEBUG GameApplicationServi - Applying CSS: fxgl_dark.css
11:08:36.676 [FXGL Background Thread 1 ] DEBUG FXGLAssetLoaderServi - Loading from file system: jar:file:/C:/Users/golde/.m2/repository/com/github/almasb/fxgl/17.3/fxgl-17.3.jar!/fxglassets/ui/css/fxgl_dark.css
11:08:36.714 [FXGL Background Thread 1 ] DEBUG GameApplicationServi - Initializing application scenes
11:08:36.750 [FXGL Background Thread 1 ] DEBUG GameWorld            - Game world initialized
11:08:36.801 [FXGL Background Thread 1 ] DEBUG PhysicsWorld         - Physics world initialized: appHeight=600, physics.ppm=50,0
11:08:36.802 [FXGL Background Thread 1 ] DEBUG PhysicsWorld         - Using strategy: BRUTE_FORCE
11:08:36.805 [FXGL Background Thread 1 ] DEBUG GameScene            - Game scene initialized: 800x600
11:08:36.815 [FXGL Background Thread 1 ] DEBUG FXGL.DefaultMenu     - createMenuBodyGameMenu()
11:08:36.831 [FXGL Background Thread 1 ] DEBUG FXGL.DefaultMenu     - createOptionsMenu()
11:08:36.841 [FXGL Background Thread 1 ] DEBUG FXGLAssetLoaderServi - Loading from file system: jar:file:/C:/Users/golde/.m2/repository/com/github/almasb/fxgl/17.3/fxgl-17.3.jar!/fxglassets/textures/particles/smoke.png
11:08:36.920 [FXGL Background Thread 1 ] DEBUG FXGLAssetLoaderServi - Loading from file system: jar:file:/C:/Users/golde/.m2/repository/com/github/almasb/fxgl/17.3/fxgl-17.3.jar!/fxglassets/textures/particles/trace_horizontal.png
11:08:36.947 [FXGL Background Thread 1 ] DEBUG GameApplicationServi - Application scenes initialized
11:08:36.957 [FXGL Background Thread 1 ] DEBUG SystemBundleService  - Loading FXGL system data
11:08:36.962 [FXGL Background Thread 1 ] DEBUG FileSystemAccess     - Reading from: C:\Users\golde\POS\Blaetter_vs_Beiser_neu\system\fxgl.bundle
11:08:36.966 [FXGL Background Thread 1 ] DEBUG SystemBundleService  - Bundle FXGL: {}
11:08:36.966 [FXGL Background Thread 1 ] DEBUG UpdaterService       - Checking for updates
11:08:36.969 [FXGL Background Thread 4 ] DEBUG FXGLApplication      - Loading fonts
11:08:36.970 [FXGL Background Thread 4 ] DEBUG FXGLAssetLoaderServi - Loading from file system: jar:file:/C:/Users/golde/.m2/repository/com/github/almasb/fxgl/17.3/fxgl-17.3.jar!/fxglassets/ui/fonts/VarelaRound-Regular.ttf
11:08:36.970 [FXGL Background Thread 1 ] DEBUG FXGLApplication      - Loading default localization
11:08:36.970 [FXGL Background Thread 1 ] DEBUG FXGLAssetLoaderServi - Loading from file system: jar:file:/C:/Users/golde/.m2/repository/com/github/almasb/fxgl/17.3/fxgl-17.3.jar!/fxglassets/languages/english.lang
11:08:36.985 [FXGL Background Thread 1 ] INFO  FXGLApplication      - FXGL initialization took: 0,362 sec
11:08:36.987 [JavaFX Application Thread] DEBUG FXGLAssetLoaderServi - Loading from file system: jar:file:/C:/Users/golde/.m2/repository/com/github/almasb/fxgl/17.3/fxgl-17.3.jar!/fxglassets/textures/fxgl_icon.png
11:08:37.009 [JavaFX Application Thread] DEBUG FXGLAssetLoaderServi - Loading from file system: jar:file:/C:/Users/golde/.m2/repository/com/github/almasb/fxgl/17.3/fxgl-17.3.jar!/fxglassets/textures/fxgl_default_cursor.png
11:08:37.015 [FXGL Background Thread 4 ] DEBUG FXGLAssetLoaderServi - Loading from file system: jar:file:/C:/Users/golde/.m2/repository/com/github/almasb/fxgl/17.3/fxgl-17.3.jar!/fxglassets/ui/fonts/Abel-Regular.ttf
11:08:37.019 [JavaFX Application Thread] DEBUG Input                - Registered new binding: Screenshot - CTRL+8
11:08:37.020 [JavaFX Application Thread] DEBUG Input                - Registered new binding: System info dump - CTRL+9
11:08:37.020 [JavaFX Application Thread] DEBUG Input                - Registered new binding: Restart - CTRL+R
11:08:37.020 [JavaFX Application Thread] DEBUG Input                - Registered new binding: Toggle Debug Camera - CTRL+7
11:08:37.023 [JavaFX Application Thread] DEBUG LoopRunner           - Starting loop
11:08:37.023 [JavaFX Application Thread] DEBUG LoopRunner           - Initializing JavaFX AnimationTimerLoop
11:08:37.024 [JavaFX Application Thread] DEBUG GameApplicationServi - Starting new game
11:08:37.024 [JavaFX Application Thread] DEBUG Input                - Clearing active input actions
11:08:37.026 [FXGL Background Thread 4 ] DEBUG FXGLAssetLoaderServi - Loading from file system: jar:file:/C:/Users/golde/.m2/repository/com/github/almasb/fxgl/17.3/fxgl-17.3.jar!/fxglassets/ui/fonts/TerminalLandMono-Regular.otf
11:08:37.035 [JavaFX Application Thread] DEBUG GameApplicationServi - Removing overlay from FXGLStartupScene and adding to FXGLLoadingScene
11:08:37.035 [JavaFX Application Thread] DEBUG PrimaryStageWindow   - FXGLStartupScene -> FXGLLoadingScene
11:08:37.035 [JavaFX Application Thread] DEBUG GameApplicationServi - Clearing previous game
11:08:37.035 [JavaFX Application Thread] DEBUG GameScene            - Clearing game scene
11:08:37.035 [JavaFX Application Thread] DEBUG GameWorld            - Clearing game world
11:08:37.035 [JavaFX Application Thread] DEBUG PhysicsWorld         - Clearing physics world
11:08:37.037 [FXGL Background Thread 1 ] DEBUG FXGLApplication      - Initializing game
11:08:37.039 [FXGL Background Thread 1 ] WARN  FXGLAssetLoaderServi - Asset "/assets/music/background_music.mp3" was not found!
11:08:37.039 [FXGL Background Thread 4 ] DEBUG FXGLAssetLoaderServi - Loading from file system: jar:file:/C:/Users/golde/.m2/repository/com/github/almasb/fxgl/17.3/fxgl-17.3.jar!/fxglassets/ui/fonts/Courier-Prime.ttf
11:08:37.039 [FXGL Background Thread 1 ] WARN  FXGLAssetLoaderServi - Failed to load MUSIC
11:08:37.040 [FXGL Background Thread 1 ] DEBUG AudioPlayer          - Playing music com.almasb.fxgl.audio.Music@6922963b
11:08:37.042 [FXGL Background Thread 1 ] DEBUG FXGLAssetLoaderServi - Loading from file system: file:/C:/Users/golde/POS/Blaetter_vs_Beiser_neu/Blaetter_vs_Beiser/blaetter_vs_beiser/target/classes/assets/textures/Background.png
11:08:37.084 [JavaFX Application Thread] DEBUG FXGLApplication      - Registering font factories with UI factory
11:08:37.141 [FXGL Background Thread 1 ] DEBUG FXGLAssetLoaderServi - Loading JSON from: file:/C:/Users/golde/POS/Blaetter_vs_Beiser_neu/Blaetter_vs_Beiser/blaetter_vs_beiser/target/classes/assets/Level/level1.json
11:08:37.367 [FXGL Background Thread 1 ] DEBUG FXGLAssetLoaderServi - Loading from file system: file:/C:/Users/golde/POS/Blaetter_vs_Beiser_neu/Blaetter_vs_Beiser/blaetter_vs_beiser/target/classes/assets/textures/Mousecursor.png
11:08:37.374 [FXGL Background Thread 1 ] DEBUG FXGLAssetLoaderServi - Loading from file system: file:/C:/Users/golde/POS/Blaetter_vs_Beiser_neu/Blaetter_vs_Beiser/blaetter_vs_beiser/target/classes/assets/textures/Sun.png
11:08:37.391 [FXGL Background Thread 1 ] DEBUG FXGLAssetLoaderServi - Loading from file system: file:/C:/Users/golde/POS/Blaetter_vs_Beiser_neu/Blaetter_vs_Beiser/blaetter_vs_beiser/target/classes/assets/textures/Plants/Peashooter.png
11:08:37.403 [FXGL Background Thread 1 ] DEBUG FXGLAssetLoaderServi - Loading from file system: file:/C:/Users/golde/POS/Blaetter_vs_Beiser_neu/Blaetter_vs_Beiser/blaetter_vs_beiser/target/classes/assets/textures/Plants/Sunflower.png
11:08:37.411 [FXGL Background Thread 1 ] DEBUG FXGLAssetLoaderServi - Loading from file system: file:/C:/Users/golde/POS/Blaetter_vs_Beiser_neu/Blaetter_vs_Beiser/blaetter_vs_beiser/target/classes/assets/textures/Plants/Wallnut.png
11:08:37.419 [FXGL Background Thread 1 ] DEBUG FXGLAssetLoaderServi - Loading from file system: file:/C:/Users/golde/POS/Blaetter_vs_Beiser_neu/Blaetter_vs_Beiser/blaetter_vs_beiser/target/classes/assets/textures/Plants/Potatomine.png
11:08:37.427 [FXGL Background Thread 1 ] DEBUG FXGLAssetLoaderServi - Loading from file system: file:/C:/Users/golde/POS/Blaetter_vs_Beiser_neu/Blaetter_vs_Beiser/blaetter_vs_beiser/target/classes/assets/textures/Plants/Cherrybomb.png
11:08:37.438 [FXGL Background Thread 1 ] DEBUG FXGLAssetLoaderServi - Loading from file system: file:/C:/Users/golde/POS/Blaetter_vs_Beiser_neu/Blaetter_vs_Beiser/blaetter_vs_beiser/target/classes/assets/textures/Plants/Snowpeashooter.png
11:08:37.464 [FXGL Background Thread 1 ] DEBUG FXGLAssetLoaderServi - Loading from file system: file:/C:/Users/golde/POS/Blaetter_vs_Beiser_neu/Blaetter_vs_Beiser/blaetter_vs_beiser/target/classes/assets/textures/Shovel.png
11:08:37.512 [FXGL Background Thread 1 ] INFO  FXGLApplication      - Game initialization took: 0,475 sec
11:08:37.514 [JavaFX Application Thread] DEBUG Input                - Clearing active input actions
11:08:37.525 [JavaFX Application Thread] DEBUG GameApplicationServi - Removing overlay from FXGLLoadingScene and adding to GameScene
11:08:37.525 [JavaFX Application Thread] DEBUG PrimaryStageWindow   - FXGLLoadingScene -> GameScene
11:08:37.625 [FXGL Background Thread 2 ] INFO  UpdaterService       - Your current version:  17.3
11:08:37.625 [FXGL Background Thread 2 ] INFO  UpdaterService       - Latest stable version: 25
11:08:39.970 [FXGL Background Thread 3 ] DEBUG Engine               - Logging environment variables
11:08:39.970 [FXGL Background Thread 3 ] DEBUG Engine               - achievements: []
11:08:39.970 [FXGL Background Thread 3 ] DEBUG Engine               - actualHeight: 864.0
11:08:39.971 [FXGL Background Thread 3 ] DEBUG Engine               - actualHeightProperty: ReadOnlyDoubleProperty [value: 864.0]
11:08:39.971 [FXGL Background Thread 3 ] DEBUG Engine               - actualWidth: 1536.0
11:08:39.971 [FXGL Background Thread 3 ] DEBUG Engine               - actualWidthProperty: ReadOnlyDoubleProperty [value: 1536.0]
11:08:39.971 [FXGL Background Thread 3 ] DEBUG Engine               - appIcon: fxgl_icon.png
11:08:39.971 [FXGL Background Thread 3 ] DEBUG Engine               - applicationMode: DEVELOPER
11:08:39.971 [FXGL Background Thread 3 ] DEBUG Engine               - cSSList: [fxgl_dark.css]
11:08:39.971 [FXGL Background Thread 3 ] DEBUG Engine               - collisionDetectionStrategy: BRUTE_FORCE
11:08:39.971 [FXGL Background Thread 3 ] DEBUG Engine               - configClass: Optional.empty
11:08:39.971 [FXGL Background Thread 3 ] DEBUG Engine               - credits: []
11:08:39.971 [FXGL Background Thread 3 ] DEBUG Engine               - defaultCursor: CursorInfo(imageName=fxgl_default_cursor.png, hotspotX=7.0, hotspotY=6.0)
11:08:39.971 [FXGL Background Thread 3 ] DEBUG Engine               - devBBoxColorProperty: ObjectProperty [value: 0xff0000ff]
11:08:39.971 [FXGL Background Thread 3 ] DEBUG Engine               - devEnableDebugCameraProperty: BooleanProperty [value: false]
11:08:39.971 [FXGL Background Thread 3 ] DEBUG Engine               - devSensorColorProperty: ObjectProperty [value: 0xffff00ff]
11:08:39.971 [FXGL Background Thread 3 ] DEBUG Engine               - devShowBBoxProperty: BooleanProperty [value: false]
11:08:39.971 [FXGL Background Thread 3 ] DEBUG Engine               - devShowPositionProperty: BooleanProperty [value: false]
11:08:39.971 [FXGL Background Thread 3 ] DEBUG Engine               - enabledMenuItems: []
11:08:39.972 [FXGL Background Thread 3 ] DEBUG Engine               - engineServices: [class com.almasb.fxgl.app.services.FXGLAssetLoaderService, class com.almasb.fxgl.app.FXGLApplication$GameApplicationService, class com.almasb.fxgl.app.services.FXGLDialogService, class com.almasb.fxgl.app.services.IOTaskExecutorService, class com.almasb.fxgl.io.FileSystemService, class com.almasb.fxgl.localization.LocalizationService, class com.almasb.fxgl.app.services.SystemBundleService, class com.almasb.fxgl.profile.SaveLoadService, class com.almasb.fxgl.ui.FXGLUIFactoryServiceProvider, class com.almasb.fxgl.ui.FXGLDialogFactoryServiceProvider, class com.almasb.fxgl.audio.AudioPlayer, class com.almasb.fxgl.notification.impl.NotificationServiceProvider, class com.almasb.fxgl.achievement.AchievementService, class com.almasb.fxgl.cutscene.CutsceneService, class com.almasb.fxgl.minigames.MiniGameService, class com.almasb.fxgl.net.NetService, class com.almasb.fxgl.app.services.UpdaterService, class com.almasb.fxgl.dev.DevService]
11:08:39.972 [FXGL Background Thread 3 ] DEBUG Engine               - fontGame: Abel-Regular.ttf
11:08:39.972 [FXGL Background Thread 3 ] DEBUG Engine               - fontMono: TerminalLandMono-Regular.otf
11:08:39.972 [FXGL Background Thread 3 ] DEBUG Engine               - fontSizeScaleUI: 1.0
11:08:39.972 [FXGL Background Thread 3 ] DEBUG Engine               - fontText: Courier-Prime.ttf
11:08:39.972 [FXGL Background Thread 3 ] DEBUG Engine               - fontUI: VarelaRound-Regular.ttf
11:08:39.972 [FXGL Background Thread 3 ] DEBUG Engine               - fullScreen: BooleanProperty [value: true]
11:08:39.972 [FXGL Background Thread 3 ] DEBUG Engine               - gameDifficulty: MEDIUM
11:08:39.972 [FXGL Background Thread 3 ] DEBUG Engine               - gameDifficultyProperty: ObjectProperty [value: MEDIUM]
11:08:39.972 [FXGL Background Thread 3 ] DEBUG Engine               - globalMusicVolume: 0.5
11:08:39.972 [FXGL Background Thread 3 ] DEBUG Engine               - globalMusicVolumeProperty: DoubleProperty [value: 0.5]
11:08:39.972 [FXGL Background Thread 3 ] DEBUG Engine               - globalSoundVolume: 0.5
11:08:39.972 [FXGL Background Thread 3 ] DEBUG Engine               - globalSoundVolumeProperty: DoubleProperty [value: 0.5]
11:08:39.972 [FXGL Background Thread 3 ] DEBUG Engine               - height: 600
11:08:39.972 [FXGL Background Thread 3 ] DEBUG Engine               - is3D: false
11:08:39.972 [FXGL Background Thread 3 ] DEBUG Engine               - isAndroid: false
11:08:39.972 [FXGL Background Thread 3 ] DEBUG Engine               - isBrowser: false
11:08:39.972 [FXGL Background Thread 3 ] DEBUG Engine               - isClickFeedbackEnabled: false
11:08:39.972 [FXGL Background Thread 3 ] DEBUG Engine               - isCloseConfirmation: false
11:08:39.972 [FXGL Background Thread 3 ] DEBUG Engine               - isDesktop: true
11:08:39.972 [FXGL Background Thread 3 ] DEBUG Engine               - isDeveloperMenuEnabled: false
11:08:39.972 [FXGL Background Thread 3 ] DEBUG Engine               - isEmbedded: false
11:08:39.972 [FXGL Background Thread 3 ] DEBUG Engine               - isEntityPreloadEnabled: true
11:08:39.973 [FXGL Background Thread 3 ] DEBUG Engine               - isExperimentalTiledLargeMap: false
11:08:39.973 [FXGL Background Thread 3 ] DEBUG Engine               - isFileSystemWriteAllowed: true
11:08:39.973 [FXGL Background Thread 3 ] DEBUG Engine               - isFullScreenAllowed: true
11:08:39.973 [FXGL Background Thread 3 ] DEBUG Engine               - isFullScreenFromStart: true
11:08:39.973 [FXGL Background Thread 3 ] DEBUG Engine               - isGameMenuEnabled: true
11:08:39.973 [FXGL Background Thread 3 ] DEBUG Engine               - isIOS: false
11:08:39.973 [FXGL Background Thread 3 ] DEBUG Engine               - isIntroEnabled: false
11:08:39.973 [FXGL Background Thread 3 ] DEBUG Engine               - isLinux: false
11:08:39.973 [FXGL Background Thread 3 ] DEBUG Engine               - isMac: false
11:08:39.973 [FXGL Background Thread 3 ] DEBUG Engine               - isMainMenuEnabled: false
11:08:39.973 [FXGL Background Thread 3 ] DEBUG Engine               - isManualResizeEnabled: false
11:08:39.973 [FXGL Background Thread 3 ] DEBUG Engine               - isMobile: false
11:08:39.973 [FXGL Background Thread 3 ] DEBUG Engine               - isNative: false
11:08:39.973 [FXGL Background Thread 3 ] DEBUG Engine               - isPauseMusicWhenMinimized: true
11:08:39.973 [FXGL Background Thread 3 ] DEBUG Engine               - isPreserveResizeRatio: false
11:08:39.973 [FXGL Background Thread 3 ] DEBUG Engine               - isProfilingEnabled: false
11:08:39.973 [FXGL Background Thread 3 ] DEBUG Engine               - isScaleAffectedOnResize: true
11:08:39.973 [FXGL Background Thread 3 ] DEBUG Engine               - isSingleStep: false
11:08:39.973 [FXGL Background Thread 3 ] DEBUG Engine               - isUserProfileEnabled: false
11:08:39.973 [FXGL Background Thread 3 ] DEBUG Engine               - isWindows: true
11:08:39.973 [FXGL Background Thread 3 ] DEBUG Engine               - language: ObjectProperty [value: ENGLISH]
11:08:39.973 [FXGL Background Thread 3 ] DEBUG Engine               - menuKey: ESCAPE
11:08:39.973 [FXGL Background Thread 3 ] DEBUG Engine               - mouseSensitivity: 0.2
11:08:39.973 [FXGL Background Thread 3 ] DEBUG Engine               - notificationViewClass: class com.almasb.fxgl.notification.view.XboxNotificationView
11:08:39.973 [FXGL Background Thread 3 ] DEBUG Engine               - pixelsPerMeter: 50.0
11:08:39.973 [FXGL Background Thread 3 ] DEBUG Engine               - platform: WINDOWS
11:08:39.973 [FXGL Background Thread 3 ] DEBUG Engine               - prefHeightProperty: ReadOnlyDoubleProperty [value: 600.0]
11:08:39.973 [FXGL Background Thread 3 ] DEBUG Engine               - prefWidthProperty: ReadOnlyDoubleProperty [value: 800.0]
11:08:39.974 [FXGL Background Thread 3 ] DEBUG Engine               - profileDir: profiles/
11:08:39.974 [FXGL Background Thread 3 ] DEBUG Engine               - profileName: StringProperty [value: DEFAULT]
11:08:39.974 [FXGL Background Thread 3 ] DEBUG Engine               - randomSeed: -1
11:08:39.974 [FXGL Background Thread 3 ] DEBUG Engine               - runtimeInfo: RuntimeInfo(platform=WINDOWS, version=17.3, build=30.03.2023 11.49)
11:08:39.974 [FXGL Background Thread 3 ] DEBUG Engine               - saveFileExt: sav
11:08:39.974 [FXGL Background Thread 3 ] DEBUG Engine               - scaledHeightProp$fxgl: DoubleProperty [bound, value: 864.0]
11:08:39.974 [FXGL Background Thread 3 ] DEBUG Engine               - scaledWidthProp$fxgl: DoubleProperty [bound, value: 1536.0]
11:08:39.974 [FXGL Background Thread 3 ] DEBUG Engine               - sceneFactory: com.almasb.fxgl.app.scene.SceneFactory@1495d1cb
11:08:39.974 [FXGL Background Thread 3 ] DEBUG Engine               - secondsIn24h: 60
11:08:39.975 [FXGL Background Thread 3 ] DEBUG Engine               - soundMenuBack: menu/back.wav
11:08:39.975 [FXGL Background Thread 3 ] DEBUG Engine               - soundMenuPress: menu/press.wav
11:08:39.975 [FXGL Background Thread 3 ] DEBUG Engine               - soundMenuSelect: menu/select.wav
11:08:39.975 [FXGL Background Thread 3 ] DEBUG Engine               - soundNotification: core/notification.wav
11:08:39.975 [FXGL Background Thread 3 ] DEBUG Engine               - stageStyle: DECORATED
11:08:39.975 [FXGL Background Thread 3 ] DEBUG Engine               - supportedLanguages: [ENGLISH, FRENCH, GERMAN, HUNGARIAN, RUSSIAN]
11:08:39.975 [FXGL Background Thread 3 ] DEBUG Engine               - ticksPerSecond: -1
11:08:39.975 [FXGL Background Thread 3 ] DEBUG Engine               - title: BvB
11:08:39.975 [FXGL Background Thread 3 ] DEBUG Engine               - urlGithub: https://github.com/AlmasB/FXGL
11:08:39.975 [FXGL Background Thread 3 ] DEBUG Engine               - urlLeaderboard: http://fxgl-top.herokuapp.com/
11:08:39.975 [FXGL Background Thread 3 ] DEBUG Engine               - urlPOM: https://raw.githubusercontent.com/AlmasB/FXGL/release/README.md
11:08:39.975 [FXGL Background Thread 3 ] DEBUG Engine               - userAppClass: class at.htl.blaetter_vs_beiser.Start
11:08:39.975 [FXGL Background Thread 3 ] DEBUG Engine               - version: 0.0
11:08:39.975 [FXGL Background Thread 3 ] DEBUG Engine               - versionCheckDays: 7
11:08:39.975 [FXGL Background Thread 3 ] DEBUG Engine               - width: 800
11:08:39.975 [FXGL Background Thread 3 ] DEBUG Engine               - Logging services
11:08:39.975 [FXGL Background Thread 3 ] DEBUG Engine               - class com.almasb.fxgl.app.services.FXGLAssetLoaderService
11:08:39.976 [FXGL Background Thread 3 ] DEBUG Engine               - class com.almasb.fxgl.app.FXGLApplication$GameApplicationService
11:08:39.976 [FXGL Background Thread 3 ] DEBUG Engine               - class com.almasb.fxgl.app.services.FXGLDialogService
11:08:39.976 [FXGL Background Thread 3 ] DEBUG Engine               - class com.almasb.fxgl.app.services.IOTaskExecutorService
11:08:39.976 [FXGL Background Thread 3 ] DEBUG Engine               - class com.almasb.fxgl.io.FileSystemService
11:08:39.976 [FXGL Background Thread 3 ] DEBUG Engine               - class com.almasb.fxgl.localization.LocalizationService
11:08:39.976 [FXGL Background Thread 3 ] DEBUG Engine               - class com.almasb.fxgl.app.services.SystemBundleService
11:08:39.976 [FXGL Background Thread 3 ] DEBUG Engine               - class com.almasb.fxgl.profile.SaveLoadService
11:08:39.976 [FXGL Background Thread 3 ] DEBUG Engine               - class com.almasb.fxgl.ui.FXGLUIFactoryServiceProvider
11:08:39.976 [FXGL Background Thread 3 ] DEBUG Engine               - class com.almasb.fxgl.ui.FXGLDialogFactoryServiceProvider
11:08:39.976 [FXGL Background Thread 3 ] DEBUG Engine               - class com.almasb.fxgl.audio.AudioPlayer
11:08:39.976 [FXGL Background Thread 3 ] DEBUG Engine               - class com.almasb.fxgl.notification.impl.NotificationServiceProvider
11:08:39.976 [FXGL Background Thread 3 ] DEBUG Engine               - class com.almasb.fxgl.achievement.AchievementService
11:08:39.976 [FXGL Background Thread 3 ] DEBUG Engine               - class com.almasb.fxgl.cutscene.CutsceneService
11:08:39.976 [FXGL Background Thread 3 ] DEBUG Engine               - class com.almasb.fxgl.minigames.MiniGameService
11:08:39.976 [FXGL Background Thread 3 ] DEBUG Engine               - class com.almasb.fxgl.net.NetService
11:08:39.976 [FXGL Background Thread 3 ] DEBUG Engine               - class com.almasb.fxgl.app.services.UpdaterService
11:08:39.976 [FXGL Background Thread 3 ] DEBUG Engine               - class com.almasb.fxgl.dev.DevService
11:08:52.814 [JavaFX Application Thread] DEBUG FXGLAssetLoaderServi - Loading from file system: file:/C:/Users/golde/POS/Blaetter_vs_Beiser_neu/Blaetter_vs_Beiser/blaetter_vs_beiser/target/classes/assets/textures/Zombies/Zombie3.png
11:09:34.087 [JavaFX Application Thread] DEBUG AudioPlayer          - Pausing music com.almasb.fxgl.audio.Music@6922963b
11:09:34.087 [JavaFX Application Thread] DEBUG LoopRunner           - Pausing loop
11:09:34.091 [JavaFX Application Thread] DEBUG PrimaryStageWindow   - Push state: DialogSubScene
11:09:34.091 [JavaFX Application Thread] DEBUG Input                - Clearing active input actions
11:09:34.094 [JavaFX Application Thread] DEBUG GameApplicationServi - Removing overlay from GameScene and adding to DialogSubScene
11:09:34.096 [JavaFX Application Thread] DEBUG PrimaryStageWindow   - GameScene -> DialogSubScene
11:09:41.106 [JavaFX Application Thread] DEBUG PrimaryStageWindow   - Pop state: DialogSubScene
11:09:41.106 [JavaFX Application Thread] DEBUG Input                - Clearing active input actions
11:09:41.106 [JavaFX Application Thread] DEBUG GameApplicationServi - Removing overlay from DialogSubScene and adding to GameScene
11:09:41.106 [JavaFX Application Thread] DEBUG PrimaryStageWindow   - GameScene <- DialogSubScene
11:09:41.107 [JavaFX Application Thread] DEBUG FXGLApplication      - Exiting FXGL
11:09:41.107 [JavaFX Application Thread] DEBUG LoopRunner           - Stopping loop
11:09:41.107 [JavaFX Application Thread] DEBUG SystemBundleService  - Saving FXGL system data
11:09:41.109 [JavaFX Application Thread] DEBUG FileSystemAccess     - Writing to: C:\Users\golde\POS\Blaetter_vs_Beiser_neu\system\fxgl.bundle
11:09:41.112 [JavaFX Application Thread] DEBUG Async                - Shutting down background threads
11:09:41.112 [JavaFX Application Thread] DEBUG PrimaryStageWindow   - Closing main window
11:09:41.162 [JavaFX Application Thread] DEBUG Logger               - Closing Logger
