11:01:58.183 [main                     ] DEBUG Logger               - Configured Logger
11:01:58.190 [main                     ] DEBUG GameApplication      - Logging settings
Title: BvB
Version: 0.0
Width: 800
Height: 600
Fullscreen: true
Intro: false
Profiling: false
Single step:false
App Mode: DEVELOPER
Menu Key: ESCAPE
Stage Style: DECORATED
Scene Factory: class com.almasb.fxgl.app.scene.SceneFactory

11:01:58.561 [JavaFX Application Thread] DEBUG FXGLApplication      - Initializing FXGL
11:01:58.563 [JavaFX Application Thread] INFO  Engine               - FXGL-17.3 (30.03.2023 11.49) on WINDOWS (J:25.0.2 FX:21.0.6)
11:01:58.563 [JavaFX Application Thread] DEBUG Engine               - JRE Vendor Name: Oracle Corporation
11:01:58.563 [JavaFX Application Thread] DEBUG Engine               - Running on OS: Windows 11 version 10.0
11:01:58.563 [JavaFX Application Thread] DEBUG Engine               - Architecture: amd64
11:01:58.563 [JavaFX Application Thread] INFO  Engine               - Source code and latest versions at: https://github.com/AlmasB/FXGL
11:01:58.563 [JavaFX Application Thread] INFO  Engine               -       Ask questions and discuss at: https://github.com/AlmasB/FXGL/discussions
11:01:58.563 [JavaFX Application Thread] INFO  Engine               -              Join the FXGL chat at: https://gitter.im/AlmasB/FXGL
11:01:58.665 [JavaFX Application Thread] DEBUG PrimaryStageWindow   - Creating a JavaFX scene
11:01:58.711 [JavaFX Application Thread] DEBUG PrimaryStageWindow   - Target settings size: 800.0 x 600.0
11:01:58.711 [JavaFX Application Thread] DEBUG PrimaryStageWindow   - Scaled scene size:    800.0 x 600.0
11:01:58.711 [JavaFX Application Thread] DEBUG PrimaryStageWindow   - Scaled ratio: (1.0, 1.0)
11:01:58.713 [JavaFX Application Thread] DEBUG PrimaryStageWindow   - Set initial scene to FXGLStartupScene
11:01:58.717 [JavaFX Application Thread] DEBUG PrimaryStageWindow   - Opening main window
11:01:58.840 [JavaFX Application Thread] DEBUG PrimaryStageWindow   - Window border size: (14.4000244140625, 37.5999755859375)
11:01:58.841 [JavaFX Application Thread] DEBUG PrimaryStageWindow   - Scaled size: 800.0 x 600.0
11:01:58.841 [JavaFX Application Thread] DEBUG PrimaryStageWindow   - Scaled ratio: (1.0, 1.0)
11:01:58.841 [JavaFX Application Thread] DEBUG PrimaryStageWindow   - Scene size: 800.0 x 600.0
11:01:58.841 [JavaFX Application Thread] DEBUG PrimaryStageWindow   - Stage size: 814.4000244140625 x 637.5999755859375
11:01:58.891 [JavaFX Application Thread] DEBUG PrimaryStageWindow   - Going fullscreen
11:01:58.900 [FXGL Background Thread 1 ] DEBUG Engine               - Initializing environment variables
11:01:58.951 [FXGL Background Thread 1 ] DEBUG FXGLAssetLoaderServi - User app class for loading assets: class at.htl.blaetter_vs_beiser.Start
11:01:58.951 [FXGL Background Thread 1 ] DEBUG GameApplicationServi - Applying CSS: fxgl_dark.css
11:01:58.951 [FXGL Background Thread 1 ] DEBUG FXGLAssetLoaderServi - Loading from file system: jar:file:/C:/Users/golde/.m2/repository/com/github/almasb/fxgl/17.3/fxgl-17.3.jar!/fxglassets/ui/css/fxgl_dark.css
11:01:58.986 [FXGL Background Thread 1 ] DEBUG GameApplicationServi - Initializing application scenes
11:01:59.036 [FXGL Background Thread 1 ] DEBUG GameWorld            - Game world initialized
11:01:59.083 [FXGL Background Thread 1 ] DEBUG PhysicsWorld         - Physics world initialized: appHeight=600, physics.ppm=50,0
11:01:59.083 [FXGL Background Thread 1 ] DEBUG PhysicsWorld         - Using strategy: BRUTE_FORCE
11:01:59.087 [FXGL Background Thread 1 ] DEBUG GameScene            - Game scene initialized: 800x600
11:01:59.097 [FXGL Background Thread 1 ] DEBUG FXGL.DefaultMenu     - createMenuBodyGameMenu()
11:01:59.114 [FXGL Background Thread 1 ] DEBUG FXGL.DefaultMenu     - createOptionsMenu()
11:01:59.126 [FXGL Background Thread 1 ] DEBUG FXGLAssetLoaderServi - Loading from file system: jar:file:/C:/Users/golde/.m2/repository/com/github/almasb/fxgl/17.3/fxgl-17.3.jar!/fxglassets/textures/particles/smoke.png
11:01:59.222 [FXGL Background Thread 1 ] DEBUG FXGLAssetLoaderServi - Loading from file system: jar:file:/C:/Users/golde/.m2/repository/com/github/almasb/fxgl/17.3/fxgl-17.3.jar!/fxglassets/textures/particles/trace_horizontal.png
11:01:59.246 [FXGL Background Thread 1 ] DEBUG GameApplicationServi - Application scenes initialized
11:01:59.255 [FXGL Background Thread 1 ] DEBUG SystemBundleService  - Loading FXGL system data
11:01:59.266 [FXGL Background Thread 1 ] DEBUG FileSystemAccess     - Reading from: C:\Users\golde\POS\Blaetter_vs_Beiser_neu\system\fxgl.bundle
11:01:59.272 [FXGL Background Thread 1 ] DEBUG SystemBundleService  - Bundle FXGL: {}
11:01:59.272 [FXGL Background Thread 1 ] DEBUG UpdaterService       - Checking for updates
11:01:59.275 [FXGL Background Thread 4 ] DEBUG FXGLApplication      - Loading fonts
11:01:59.275 [FXGL Background Thread 4 ] DEBUG FXGLAssetLoaderServi - Loading from file system: jar:file:/C:/Users/golde/.m2/repository/com/github/almasb/fxgl/17.3/fxgl-17.3.jar!/fxglassets/ui/fonts/VarelaRound-Regular.ttf
11:01:59.275 [FXGL Background Thread 1 ] DEBUG FXGLApplication      - Loading default localization
11:01:59.277 [FXGL Background Thread 1 ] DEBUG FXGLAssetLoaderServi - Loading from file system: jar:file:/C:/Users/golde/.m2/repository/com/github/almasb/fxgl/17.3/fxgl-17.3.jar!/fxglassets/languages/english.lang
11:01:59.290 [FXGL Background Thread 1 ] INFO  FXGLApplication      - FXGL initialization took: 0,391 sec
11:01:59.292 [JavaFX Application Thread] DEBUG FXGLAssetLoaderServi - Loading from file system: jar:file:/C:/Users/golde/.m2/repository/com/github/almasb/fxgl/17.3/fxgl-17.3.jar!/fxglassets/textures/fxgl_icon.png
11:01:59.315 [JavaFX Application Thread] DEBUG FXGLAssetLoaderServi - Loading from file system: jar:file:/C:/Users/golde/.m2/repository/com/github/almasb/fxgl/17.3/fxgl-17.3.jar!/fxglassets/textures/fxgl_default_cursor.png
11:01:59.316 [FXGL Background Thread 4 ] DEBUG FXGLAssetLoaderServi - Loading from file system: jar:file:/C:/Users/golde/.m2/repository/com/github/almasb/fxgl/17.3/fxgl-17.3.jar!/fxglassets/ui/fonts/Abel-Regular.ttf
11:01:59.324 [JavaFX Application Thread] DEBUG Input                - Registered new binding: Screenshot - CTRL+8
11:01:59.324 [JavaFX Application Thread] DEBUG Input                - Registered new binding: System info dump - CTRL+9
11:01:59.325 [JavaFX Application Thread] DEBUG Input                - Registered new binding: Restart - CTRL+R
11:01:59.325 [JavaFX Application Thread] DEBUG Input                - Registered new binding: Toggle Debug Camera - CTRL+7
11:01:59.327 [JavaFX Application Thread] DEBUG LoopRunner           - Starting loop
11:01:59.328 [JavaFX Application Thread] DEBUG LoopRunner           - Initializing JavaFX AnimationTimerLoop
11:01:59.328 [FXGL Background Thread 4 ] DEBUG FXGLAssetLoaderServi - Loading from file system: jar:file:/C:/Users/golde/.m2/repository/com/github/almasb/fxgl/17.3/fxgl-17.3.jar!/fxglassets/ui/fonts/TerminalLandMono-Regular.otf
11:01:59.329 [JavaFX Application Thread] DEBUG GameApplicationServi - Starting new game
11:01:59.329 [JavaFX Application Thread] DEBUG Input                - Clearing active input actions
11:01:59.339 [JavaFX Application Thread] DEBUG GameApplicationServi - Removing overlay from FXGLStartupScene and adding to FXGLLoadingScene
11:01:59.339 [JavaFX Application Thread] DEBUG PrimaryStageWindow   - FXGLStartupScene -> FXGLLoadingScene
11:01:59.339 [JavaFX Application Thread] DEBUG GameApplicationServi - Clearing previous game
11:01:59.339 [JavaFX Application Thread] DEBUG GameScene            - Clearing game scene
11:01:59.339 [JavaFX Application Thread] DEBUG GameWorld            - Clearing game world
11:01:59.339 [JavaFX Application Thread] DEBUG PhysicsWorld         - Clearing physics world
11:01:59.340 [FXGL Background Thread 1 ] DEBUG FXGLApplication      - Initializing game
11:01:59.342 [FXGL Background Thread 1 ] WARN  FXGLAssetLoaderServi - Asset "/assets/music/background_music.mp3" was not found!
11:01:59.342 [FXGL Background Thread 1 ] WARN  FXGLAssetLoaderServi - Failed to load MUSIC
11:01:59.342 [FXGL Background Thread 4 ] DEBUG FXGLAssetLoaderServi - Loading from file system: jar:file:/C:/Users/golde/.m2/repository/com/github/almasb/fxgl/17.3/fxgl-17.3.jar!/fxglassets/ui/fonts/Courier-Prime.ttf
11:01:59.344 [FXGL Background Thread 1 ] DEBUG AudioPlayer          - Playing music com.almasb.fxgl.audio.Music@609d8783
11:01:59.345 [FXGL Background Thread 1 ] DEBUG FXGLAssetLoaderServi - Loading from file system: file:/C:/Users/golde/POS/Blaetter_vs_Beiser_neu/Blaetter_vs_Beiser/blaetter_vs_beiser/target/classes/assets/textures/Background.png
11:01:59.385 [JavaFX Application Thread] DEBUG FXGLApplication      - Registering font factories with UI factory
11:01:59.469 [FXGL Background Thread 1 ] DEBUG FXGLAssetLoaderServi - Loading JSON from: file:/C:/Users/golde/POS/Blaetter_vs_Beiser_neu/Blaetter_vs_Beiser/blaetter_vs_beiser/target/classes/assets/Level/level1.json
11:01:59.712 [FXGL Background Thread 1 ] DEBUG FXGLAssetLoaderServi - Loading from file system: file:/C:/Users/golde/POS/Blaetter_vs_Beiser_neu/Blaetter_vs_Beiser/blaetter_vs_beiser/target/classes/assets/textures/Mousecursor.png
11:01:59.719 [FXGL Background Thread 1 ] DEBUG FXGLAssetLoaderServi - Loading from file system: file:/C:/Users/golde/POS/Blaetter_vs_Beiser_neu/Blaetter_vs_Beiser/blaetter_vs_beiser/target/classes/assets/textures/Sun.png
11:01:59.732 [FXGL Background Thread 1 ] DEBUG FXGLAssetLoaderServi - Loading from file system: file:/C:/Users/golde/POS/Blaetter_vs_Beiser_neu/Blaetter_vs_Beiser/blaetter_vs_beiser/target/classes/assets/textures/Plants/Peashooter.png
11:01:59.751 [FXGL Background Thread 1 ] DEBUG FXGLAssetLoaderServi - Loading from file system: file:/C:/Users/golde/POS/Blaetter_vs_Beiser_neu/Blaetter_vs_Beiser/blaetter_vs_beiser/target/classes/assets/textures/Plants/Sunflower.png
11:01:59.772 [FXGL Background Thread 1 ] DEBUG FXGLAssetLoaderServi - Loading from file system: file:/C:/Users/golde/POS/Blaetter_vs_Beiser_neu/Blaetter_vs_Beiser/blaetter_vs_beiser/target/classes/assets/textures/Plants/Wallnut.png
11:01:59.780 [FXGL Background Thread 1 ] DEBUG FXGLAssetLoaderServi - Loading from file system: file:/C:/Users/golde/POS/Blaetter_vs_Beiser_neu/Blaetter_vs_Beiser/blaetter_vs_beiser/target/classes/assets/textures/Plants/Potatomine.png
11:01:59.790 [FXGL Background Thread 1 ] DEBUG FXGLAssetLoaderServi - Loading from file system: file:/C:/Users/golde/POS/Blaetter_vs_Beiser_neu/Blaetter_vs_Beiser/blaetter_vs_beiser/target/classes/assets/textures/Plants/Cherrybomb.png
11:01:59.804 [FXGL Background Thread 1 ] DEBUG FXGLAssetLoaderServi - Loading from file system: file:/C:/Users/golde/POS/Blaetter_vs_Beiser_neu/Blaetter_vs_Beiser/blaetter_vs_beiser/target/classes/assets/textures/Plants/Snowpeashooter.png
11:01:59.830 [FXGL Background Thread 1 ] DEBUG FXGLAssetLoaderServi - Loading from file system: file:/C:/Users/golde/POS/Blaetter_vs_Beiser_neu/Blaetter_vs_Beiser/blaetter_vs_beiser/target/classes/assets/textures/Shovel.png
11:01:59.867 [FXGL Background Thread 2 ] INFO  UpdaterService       - Your current version:  17.3
11:01:59.867 [FXGL Background Thread 2 ] INFO  UpdaterService       - Latest stable version: 25
11:01:59.876 [FXGL Background Thread 1 ] INFO  FXGLApplication      - Game initialization took: 0,535 sec
11:01:59.881 [JavaFX Application Thread] DEBUG Input                - Clearing active input actions
11:01:59.901 [JavaFX Application Thread] DEBUG GameApplicationServi - Removing overlay from FXGLLoadingScene and adding to GameScene
11:01:59.902 [JavaFX Application Thread] DEBUG PrimaryStageWindow   - FXGLLoadingScene -> GameScene
11:02:02.276 [FXGL Background Thread 3 ] DEBUG Engine               - Logging environment variables
11:02:02.276 [FXGL Background Thread 3 ] DEBUG Engine               - achievements: []
11:02:02.276 [FXGL Background Thread 3 ] DEBUG Engine               - actualHeight: 864.0
11:02:02.276 [FXGL Background Thread 3 ] DEBUG Engine               - actualHeightProperty: ReadOnlyDoubleProperty [value: 864.0]
11:02:02.276 [FXGL Background Thread 3 ] DEBUG Engine               - actualWidth: 1536.0
11:02:02.276 [FXGL Background Thread 3 ] DEBUG Engine               - actualWidthProperty: ReadOnlyDoubleProperty [value: 1536.0]
11:02:02.276 [FXGL Background Thread 3 ] DEBUG Engine               - appIcon: fxgl_icon.png
11:02:02.276 [FXGL Background Thread 3 ] DEBUG Engine               - applicationMode: DEVELOPER
11:02:02.276 [FXGL Background Thread 3 ] DEBUG Engine               - cSSList: [fxgl_dark.css]
11:02:02.276 [FXGL Background Thread 3 ] DEBUG Engine               - collisionDetectionStrategy: BRUTE_FORCE
11:02:02.277 [FXGL Background Thread 3 ] DEBUG Engine               - configClass: Optional.empty
11:02:02.277 [FXGL Background Thread 3 ] DEBUG Engine               - credits: []
11:02:02.277 [FXGL Background Thread 3 ] DEBUG Engine               - defaultCursor: CursorInfo(imageName=fxgl_default_cursor.png, hotspotX=7.0, hotspotY=6.0)
11:02:02.277 [FXGL Background Thread 3 ] DEBUG Engine               - devBBoxColorProperty: ObjectProperty [value: 0xff0000ff]
11:02:02.277 [FXGL Background Thread 3 ] DEBUG Engine               - devEnableDebugCameraProperty: BooleanProperty [value: false]
11:02:02.277 [FXGL Background Thread 3 ] DEBUG Engine               - devSensorColorProperty: ObjectProperty [value: 0xffff00ff]
11:02:02.277 [FXGL Background Thread 3 ] DEBUG Engine               - devShowBBoxProperty: BooleanProperty [value: false]
11:02:02.277 [FXGL Background Thread 3 ] DEBUG Engine               - devShowPositionProperty: BooleanProperty [value: false]
11:02:02.277 [FXGL Background Thread 3 ] DEBUG Engine               - enabledMenuItems: []
11:02:02.277 [FXGL Background Thread 3 ] DEBUG Engine               - engineServices: [class com.almasb.fxgl.app.services.FXGLAssetLoaderService, class com.almasb.fxgl.app.FXGLApplication$GameApplicationService, class com.almasb.fxgl.app.services.FXGLDialogService, class com.almasb.fxgl.app.services.IOTaskExecutorService, class com.almasb.fxgl.io.FileSystemService, class com.almasb.fxgl.localization.LocalizationService, class com.almasb.fxgl.app.services.SystemBundleService, class com.almasb.fxgl.profile.SaveLoadService, class com.almasb.fxgl.ui.FXGLUIFactoryServiceProvider, class com.almasb.fxgl.ui.FXGLDialogFactoryServiceProvider, class com.almasb.fxgl.audio.AudioPlayer, class com.almasb.fxgl.notification.impl.NotificationServiceProvider, class com.almasb.fxgl.achievement.AchievementService, class com.almasb.fxgl.cutscene.CutsceneService, class com.almasb.fxgl.minigames.MiniGameService, class com.almasb.fxgl.net.NetService, class com.almasb.fxgl.app.services.UpdaterService, class com.almasb.fxgl.dev.DevService]
11:02:02.277 [FXGL Background Thread 3 ] DEBUG Engine               - fontGame: Abel-Regular.ttf
11:02:02.277 [FXGL Background Thread 3 ] DEBUG Engine               - fontMono: TerminalLandMono-Regular.otf
11:02:02.277 [FXGL Background Thread 3 ] DEBUG Engine               - fontSizeScaleUI: 1.0
11:02:02.277 [FXGL Background Thread 3 ] DEBUG Engine               - fontText: Courier-Prime.ttf
11:02:02.277 [FXGL Background Thread 3 ] DEBUG Engine               - fontUI: VarelaRound-Regular.ttf
11:02:02.278 [FXGL Background Thread 3 ] DEBUG Engine               - fullScreen: BooleanProperty [value: true]
11:02:02.278 [FXGL Background Thread 3 ] DEBUG Engine               - gameDifficulty: MEDIUM
11:02:02.278 [FXGL Background Thread 3 ] DEBUG Engine               - gameDifficultyProperty: ObjectProperty [value: MEDIUM]
11:02:02.278 [FXGL Background Thread 3 ] DEBUG Engine               - globalMusicVolume: 0.5
11:02:02.278 [FXGL Background Thread 3 ] DEBUG Engine               - globalMusicVolumeProperty: DoubleProperty [value: 0.5]
11:02:02.278 [FXGL Background Thread 3 ] DEBUG Engine               - globalSoundVolume: 0.5
11:02:02.278 [FXGL Background Thread 3 ] DEBUG Engine               - globalSoundVolumeProperty: DoubleProperty [value: 0.5]
11:02:02.278 [FXGL Background Thread 3 ] DEBUG Engine               - height: 600
11:02:02.278 [FXGL Background Thread 3 ] DEBUG Engine               - is3D: false
11:02:02.278 [FXGL Background Thread 3 ] DEBUG Engine               - isAndroid: false
11:02:02.278 [FXGL Background Thread 3 ] DEBUG Engine               - isBrowser: false
11:02:02.278 [FXGL Background Thread 3 ] DEBUG Engine               - isClickFeedbackEnabled: false
11:02:02.278 [FXGL Background Thread 3 ] DEBUG Engine               - isCloseConfirmation: false
11:02:02.278 [FXGL Background Thread 3 ] DEBUG Engine               - isDesktop: true
11:02:02.278 [FXGL Background Thread 3 ] DEBUG Engine               - isDeveloperMenuEnabled: false
11:02:02.278 [FXGL Background Thread 3 ] DEBUG Engine               - isEmbedded: false
11:02:02.278 [FXGL Background Thread 3 ] DEBUG Engine               - isEntityPreloadEnabled: true
11:02:02.278 [FXGL Background Thread 3 ] DEBUG Engine               - isExperimentalTiledLargeMap: false
11:02:02.278 [FXGL Background Thread 3 ] DEBUG Engine               - isFileSystemWriteAllowed: true
11:02:02.278 [FXGL Background Thread 3 ] DEBUG Engine               - isFullScreenAllowed: true
11:02:02.278 [FXGL Background Thread 3 ] DEBUG Engine               - isFullScreenFromStart: true
11:02:02.278 [FXGL Background Thread 3 ] DEBUG Engine               - isGameMenuEnabled: true
11:02:02.279 [FXGL Background Thread 3 ] DEBUG Engine               - isIOS: false
11:02:02.279 [FXGL Background Thread 3 ] DEBUG Engine               - isIntroEnabled: false
11:02:02.279 [FXGL Background Thread 3 ] DEBUG Engine               - isLinux: false
11:02:02.279 [FXGL Background Thread 3 ] DEBUG Engine               - isMac: false
11:02:02.279 [FXGL Background Thread 3 ] DEBUG Engine               - isMainMenuEnabled: false
11:02:02.279 [FXGL Background Thread 3 ] DEBUG Engine               - isManualResizeEnabled: false
11:02:02.279 [FXGL Background Thread 3 ] DEBUG Engine               - isMobile: false
11:02:02.279 [FXGL Background Thread 3 ] DEBUG Engine               - isNative: false
11:02:02.279 [FXGL Background Thread 3 ] DEBUG Engine               - isPauseMusicWhenMinimized: true
11:02:02.279 [FXGL Background Thread 3 ] DEBUG Engine               - isPreserveResizeRatio: false
11:02:02.279 [FXGL Background Thread 3 ] DEBUG Engine               - isProfilingEnabled: false
11:02:02.279 [FXGL Background Thread 3 ] DEBUG Engine               - isScaleAffectedOnResize: true
11:02:02.279 [FXGL Background Thread 3 ] DEBUG Engine               - isSingleStep: false
11:02:02.279 [FXGL Background Thread 3 ] DEBUG Engine               - isUserProfileEnabled: false
11:02:02.279 [FXGL Background Thread 3 ] DEBUG Engine               - isWindows: true
11:02:02.279 [FXGL Background Thread 3 ] DEBUG Engine               - language: ObjectProperty [value: ENGLISH]
11:02:02.279 [FXGL Background Thread 3 ] DEBUG Engine               - menuKey: ESCAPE
11:02:02.279 [FXGL Background Thread 3 ] DEBUG Engine               - mouseSensitivity: 0.2
11:02:02.279 [FXGL Background Thread 3 ] DEBUG Engine               - notificationViewClass: class com.almasb.fxgl.notification.view.XboxNotificationView
11:02:02.279 [FXGL Background Thread 3 ] DEBUG Engine               - pixelsPerMeter: 50.0
11:02:02.279 [FXGL Background Thread 3 ] DEBUG Engine               - platform: WINDOWS
11:02:02.279 [FXGL Background Thread 3 ] DEBUG Engine               - prefHeightProperty: ReadOnlyDoubleProperty [value: 600.0]
11:02:02.279 [FXGL Background Thread 3 ] DEBUG Engine               - prefWidthProperty: ReadOnlyDoubleProperty [value: 800.0]
11:02:02.280 [FXGL Background Thread 3 ] DEBUG Engine               - profileDir: profiles/
11:02:02.280 [FXGL Background Thread 3 ] DEBUG Engine               - profileName: StringProperty [value: DEFAULT]
11:02:02.280 [FXGL Background Thread 3 ] DEBUG Engine               - randomSeed: -1
11:02:02.280 [FXGL Background Thread 3 ] DEBUG Engine               - runtimeInfo: RuntimeInfo(platform=WINDOWS, version=17.3, build=30.03.2023 11.49)
11:02:02.280 [FXGL Background Thread 3 ] DEBUG Engine               - saveFileExt: sav
11:02:02.280 [FXGL Background Thread 3 ] DEBUG Engine               - scaledHeightProp$fxgl: DoubleProperty [bound, value: 864.0]
11:02:02.280 [FXGL Background Thread 3 ] DEBUG Engine               - scaledWidthProp$fxgl: DoubleProperty [bound, value: 1536.0]
11:02:02.280 [FXGL Background Thread 3 ] DEBUG Engine               - sceneFactory: com.almasb.fxgl.app.scene.SceneFactory@5ffa67b9
11:02:02.280 [FXGL Background Thread 3 ] DEBUG Engine               - secondsIn24h: 60
11:02:02.280 [FXGL Background Thread 3 ] DEBUG Engine               - soundMenuBack: menu/back.wav
11:02:02.280 [FXGL Background Thread 3 ] DEBUG Engine               - soundMenuPress: menu/press.wav
11:02:02.280 [FXGL Background Thread 3 ] DEBUG Engine               - soundMenuSelect: menu/select.wav
11:02:02.280 [FXGL Background Thread 3 ] DEBUG Engine               - soundNotification: core/notification.wav
11:02:02.281 [FXGL Background Thread 3 ] DEBUG Engine               - stageStyle: DECORATED
11:02:02.281 [FXGL Background Thread 3 ] DEBUG Engine               - supportedLanguages: [ENGLISH, FRENCH, GERMAN, HUNGARIAN, RUSSIAN]
11:02:02.281 [FXGL Background Thread 3 ] DEBUG Engine               - ticksPerSecond: -1
11:02:02.281 [FXGL Background Thread 3 ] DEBUG Engine               - title: BvB
11:02:02.281 [FXGL Background Thread 3 ] DEBUG Engine               - urlGithub: https://github.com/AlmasB/FXGL
11:02:02.281 [FXGL Background Thread 3 ] DEBUG Engine               - urlLeaderboard: http://fxgl-top.herokuapp.com/
11:02:02.281 [FXGL Background Thread 3 ] DEBUG Engine               - urlPOM: https://raw.githubusercontent.com/AlmasB/FXGL/release/README.md
11:02:02.281 [FXGL Background Thread 3 ] DEBUG Engine               - userAppClass: class at.htl.blaetter_vs_beiser.Start
11:02:02.281 [FXGL Background Thread 3 ] DEBUG Engine               - version: 0.0
11:02:02.281 [FXGL Background Thread 3 ] DEBUG Engine               - versionCheckDays: 7
11:02:02.281 [FXGL Background Thread 3 ] DEBUG Engine               - width: 800
11:02:02.281 [FXGL Background Thread 3 ] DEBUG Engine               - Logging services
11:02:02.281 [FXGL Background Thread 3 ] DEBUG Engine               - class com.almasb.fxgl.app.services.FXGLAssetLoaderService
11:02:02.281 [FXGL Background Thread 3 ] DEBUG Engine               - class com.almasb.fxgl.app.FXGLApplication$GameApplicationService
11:02:02.281 [FXGL Background Thread 3 ] DEBUG Engine               - class com.almasb.fxgl.app.services.FXGLDialogService
11:02:02.281 [FXGL Background Thread 3 ] DEBUG Engine               - class com.almasb.fxgl.app.services.IOTaskExecutorService
11:02:02.281 [FXGL Background Thread 3 ] DEBUG Engine               - class com.almasb.fxgl.io.FileSystemService
11:02:02.281 [FXGL Background Thread 3 ] DEBUG Engine               - class com.almasb.fxgl.localization.LocalizationService
11:02:02.281 [FXGL Background Thread 3 ] DEBUG Engine               - class com.almasb.fxgl.app.services.SystemBundleService
11:02:02.282 [FXGL Background Thread 3 ] DEBUG Engine               - class com.almasb.fxgl.profile.SaveLoadService
11:02:02.282 [FXGL Background Thread 3 ] DEBUG Engine               - class com.almasb.fxgl.ui.FXGLUIFactoryServiceProvider
11:02:02.282 [FXGL Background Thread 3 ] DEBUG Engine               - class com.almasb.fxgl.ui.FXGLDialogFactoryServiceProvider
11:02:02.282 [FXGL Background Thread 3 ] DEBUG Engine               - class com.almasb.fxgl.audio.AudioPlayer
11:02:02.282 [FXGL Background Thread 3 ] DEBUG Engine               - class com.almasb.fxgl.notification.impl.NotificationServiceProvider
11:02:02.282 [FXGL Background Thread 3 ] DEBUG Engine               - class com.almasb.fxgl.achievement.AchievementService
11:02:02.282 [FXGL Background Thread 3 ] DEBUG Engine               - class com.almasb.fxgl.cutscene.CutsceneService
11:02:02.282 [FXGL Background Thread 3 ] DEBUG Engine               - class com.almasb.fxgl.minigames.MiniGameService
11:02:02.282 [FXGL Background Thread 3 ] DEBUG Engine               - class com.almasb.fxgl.net.NetService
11:02:02.282 [FXGL Background Thread 3 ] DEBUG Engine               - class com.almasb.fxgl.app.services.UpdaterService
11:02:02.282 [FXGL Background Thread 3 ] DEBUG Engine               - class com.almasb.fxgl.dev.DevService
11:02:15.194 [JavaFX Application Thread] DEBUG FXGLAssetLoaderServi - Loading from file system: file:/C:/Users/golde/POS/Blaetter_vs_Beiser_neu/Blaetter_vs_Beiser/blaetter_vs_beiser/target/classes/assets/textures/Zombies/Zombie3.png
11:03:09.436 [JavaFX Application Thread] DEBUG AudioPlayer          - Pausing music com.almasb.fxgl.audio.Music@609d8783
11:03:09.436 [JavaFX Application Thread] DEBUG LoopRunner           - Pausing loop
11:03:09.438 [JavaFX Application Thread] DEBUG PrimaryStageWindow   - Push state: DialogSubScene
11:03:09.439 [JavaFX Application Thread] DEBUG Input                - Clearing active input actions
11:03:09.442 [JavaFX Application Thread] DEBUG GameApplicationServi - Removing overlay from GameScene and adding to DialogSubScene
11:03:09.443 [JavaFX Application Thread] DEBUG PrimaryStageWindow   - GameScene -> DialogSubScene
11:03:12.285 [JavaFX Application Thread] DEBUG PrimaryStageWindow   - Pop state: DialogSubScene
11:03:12.285 [JavaFX Application Thread] DEBUG Input                - Clearing active input actions
11:03:12.286 [JavaFX Application Thread] DEBUG GameApplicationServi - Removing overlay from DialogSubScene and adding to GameScene
11:03:12.286 [JavaFX Application Thread] DEBUG PrimaryStageWindow   - GameScene <- DialogSubScene
11:03:12.286 [JavaFX Application Thread] DEBUG FXGLApplication      - Exiting FXGL
11:03:12.286 [JavaFX Application Thread] DEBUG LoopRunner           - Stopping loop
11:03:12.286 [JavaFX Application Thread] DEBUG SystemBundleService  - Saving FXGL system data
11:03:12.289 [JavaFX Application Thread] DEBUG FileSystemAccess     - Writing to: C:\Users\golde\POS\Blaetter_vs_Beiser_neu\system\fxgl.bundle
11:03:12.291 [JavaFX Application Thread] DEBUG Async                - Shutting down background threads
11:03:12.293 [JavaFX Application Thread] DEBUG PrimaryStageWindow   - Closing main window
11:03:12.347 [JavaFX Application Thread] DEBUG Logger               - Closing Logger
